19:17:06 **** Clean-only build of configuration Debug for project videodemo ****
make clean 
rm -rf  ./src/video_capture/video_capture.o  ./src/timer_ps/timer_ps.o  ./src/intc/intc.o  ./src/dynclk/dynclk.o  ./src/display_ctrl/display_ctrl.o  ./src/video_demo.o  ./src/video_capture/video_capture.d  ./src/timer_ps/timer_ps.d  ./src/intc/intc.d  ./src/dynclk/dynclk.d  ./src/display_ctrl/display_ctrl.d  ./src/video_demo.d  videodemo.elf.size  videodemo.elf
' '
19:17:07 **** Clean-only build of project videodemo_bsp ****
make -k clean 
make -C microblaze_0/libsrc/axivdma_v6_2/src -s clean 
make -C microblaze_0/libsrc/bram_v4_1/src -s clean 
make -C microblaze_0/libsrc/cpu_v2_5/src -s clean 
rm: lstat¡®*.o¡¯Ê§°Ü: Invalid argument
make[1]: *** [clean] ´íÎó 1
make: *** [microblaze_0/libsrc/cpu_v2_5/src/make.clean] ´íÎó 2
make -C microblaze_0/libsrc/gpio_v4_3/src -s clean 
make -C microblaze_0/libsrc/intc_v3_5/src -s clean 
rm: lstat¡®*.o¡¯Ê§°Ü: Invalid argument
make[1]: *** [clean] ´íÎó 1
make: *** [microblaze_0/libsrc/intc_v3_5/src/make.clean] ´íÎó 2
make -C microblaze_0/libsrc/standalone_v6_1/src -s clean 
rm: lstat¡®*.o¡¯Ê§°Ü: Invalid argument
make[1]: *** [clean] ´íÎó 1
make: *** [microblaze_0/libsrc/standalone_v6_1/src/make.clean] ´íÎó 2
make -C microblaze_0/libsrc/tmrctr_v4_2/src -s clean 
make -C microblaze_0/libsrc/uartlite_v3_2/src -s clean 
make -C microblaze_0/libsrc/vtc_v7_2/src -s clean 
make: ÓÉÓÚ´íÎóÄ¿±ê¡°clean¡±²¢Î´ÖØÐÂ´´½¨¡£
19:17:08 **** Build of project videodemo_bsp ****
make -k all 
"Running Make include in microblaze_0/libsrc/axivdma_v6_2/src"
make -C microblaze_0/libsrc/axivdma_v6_2/src -s include  "SHELL=CMD" "COMPILER=mb-gcc" "ARCHIVER=mb-ar" "COMPILER_FLAGS= -O2 -c -mcpu=v10.0 -mhard-float -mlittle-endian -mno-xl-soft-div -mno-xl-soft-mul -mxl-barrel-shift -mxl-float-convert -mxl-float-sqrt -mxl-multiply-high -mxl-pattern-compare" "EXTRA_COMPILER_FLAGS=-g"
"Running Make include in microblaze_0/libsrc/bram_v4_1/src"
make -C microblaze_0/libsrc/bram_v4_1/src -s include  "SHELL=CMD" "COMPILER=mb-gcc" "ARCHIVER=mb-ar" "COMPILER_FLAGS= -O2 -c -mcpu=v10.0 -mhard-float -mlittle-endian -mno-xl-soft-div -mno-xl-soft-mul -mxl-barrel-shift -mxl-float-convert -mxl-float-sqrt -mxl-multiply-high -mxl-pattern-compare" "EXTRA_COMPILER_FLAGS=-g"
"Running Make include in microblaze_0/libsrc/cpu_v2_5/src"
make -C microblaze_0/libsrc/cpu_v2_5/src -s include  "SHELL=CMD" "COMPILER=mb-gcc" "ARCHIVER=mb-ar" "COMPILER_FLAGS= -O2 -c -mcpu=v10.0 -mhard-float -mlittle-endian -mno-xl-soft-div -mno-xl-soft-mul -mxl-barrel-shift -mxl-float-convert -mxl-float-sqrt -mxl-multiply-high -mxl-pattern-compare" "EXTRA_COMPILER_FLAGS=-g"
"Running Make include in microblaze_0/libsrc/gpio_v4_3/src"
make -C microblaze_0/libsrc/gpio_v4_3/src -s include  "SHELL=CMD" "COMPILER=mb-gcc" "ARCHIVER=mb-ar" "COMPILER_FLAGS= -O2 -c -mcpu=v10.0 -mhard-float -mlittle-endian -mno-xl-soft-div -mno-xl-soft-mul -mxl-barrel-shift -mxl-float-convert -mxl-float-sqrt -mxl-multiply-high -mxl-pattern-compare" "EXTRA_COMPILER_FLAGS=-g"
"Running Make include in microblaze_0/libsrc/intc_v3_5/src"
make -C microblaze_0/libsrc/intc_v3_5/src -s include  "SHELL=CMD" "COMPILER=mb-gcc" "ARCHIVER=mb-ar" "COMPILER_FLAGS= -O2 -c -mcpu=v10.0 -mhard-float -mlittle-endian -mno-xl-soft-div -mno-xl-soft-mul -mxl-barrel-shift -mxl-float-convert -mxl-float-sqrt -mxl-multiply-high -mxl-pattern-compare" "EXTRA_COMPILER_FLAGS=-g"
"Running Make include in microblaze_0/libsrc/standalone_v6_1/src"
make -C microblaze_0/libsrc/standalone_v6_1/src -s include  "SHELL=CMD" "COMPILER=mb-gcc" "ARCHIVER=mb-ar" "COMPILER_FLAGS= -O2 -c -mcpu=v10.0 -mhard-float -mlittle-endian -mno-xl-soft-div -mno-xl-soft-mul -mxl-barrel-shift -mxl-float-convert -mxl-float-sqrt -mxl-multiply-high -mxl-pattern-compare" "EXTRA_COMPILER_FLAGS=-g"
"Running Make include in microblaze_0/libsrc/tmrctr_v4_2/src"
make -C microblaze_0/libsrc/tmrctr_v4_2/src -s include  "SHELL=CMD" "COMPILER=mb-gcc" "ARCHIVER=mb-ar" "COMPILER_FLAGS= -O2 -c -mcpu=v10.0 -mhard-float -mlittle-endian -mno-xl-soft-div -mno-xl-soft-mul -mxl-barrel-shift -mxl-float-convert -mxl-float-sqrt -mxl-multiply-high -mxl-pattern-compare" "EXTRA_COMPILER_FLAGS=-g"
"Running Make include in microblaze_0/libsrc/uartlite_v3_2/src"
make -C microblaze_0/libsrc/uartlite_v3_2/src -s include  "SHELL=CMD" "COMPILER=mb-gcc" "ARCHIVER=mb-ar" "COMPILER_FLAGS= -O2 -c -mcpu=v10.0 -mhard-float -mlittle-endian -mno-xl-soft-div -mno-xl-soft-mul -mxl-barrel-shift -mxl-float-convert -mxl-float-sqrt -mxl-multiply-high -mxl-pattern-compare" "EXTRA_COMPILER_FLAGS=-g"
"Running Make include in microblaze_0/libsrc/vtc_v7_2/src"
make -C microblaze_0/libsrc/vtc_v7_2/src -s include  "SHELL=CMD" "COMPILER=mb-gcc" "ARCHIVER=mb-ar" "COMPILER_FLAGS= -O2 -c -mcpu=v10.0 -mhard-float -mlittle-endian -mno-xl-soft-div -mno-xl-soft-mul -mxl-barrel-shift -mxl-float-convert -mxl-float-sqrt -mxl-multiply-high -mxl-pattern-compare" "EXTRA_COMPILER_FLAGS=-g"
"Running Make libs in microblaze_0/libsrc/axivdma_v6_2/src"
make -C microblaze_0/libsrc/axivdma_v6_2/src -s libs  "SHELL=CMD" "COMPILER=mb-gcc" "ARCHIVER=mb-ar" "COMPILER_FLAGS= -O2 -c -mcpu=v10.0 -mhard-float -mlittle-endian -mno-xl-soft-div -mno-xl-soft-mul -mxl-barrel-shift -mxl-float-convert -mxl-float-sqrt -mxl-multiply-high -mxl-pattern-compare" "EXTRA_COMPILER_FLAGS=-g"
"Compiling axivdma"
mb-ar: creating ../../../lib/libxil.a
"Running Make libs in microblaze_0/libsrc/bram_v4_1/src"
make -C microblaze_0/libsrc/bram_v4_1/src -s libs  "SHELL=CMD" "COMPILER=mb-gcc" "ARCHIVER=mb-ar" "COMPILER_FLAGS= -O2 -c -mcpu=v10.0 -mhard-float -mlittle-endian -mno-xl-soft-div -mno-xl-soft-mul -mxl-barrel-shift -mxl-float-convert -mxl-float-sqrt -mxl-multiply-high -mxl-pattern-compare" "EXTRA_COMPILER_FLAGS=-g"
"Compiling bram"
"Running Make libs in microblaze_0/libsrc/cpu_v2_5/src"
make -C microblaze_0/libsrc/cpu_v2_5/src -s libs  "SHELL=CMD" "COMPILER=mb-gcc" "ARCHIVER=mb-ar" "COMPILER_FLAGS= -O2 -c -mcpu=v10.0 -mhard-float -mlittle-endian -mno-xl-soft-div -mno-xl-soft-mul -mxl-barrel-shift -mxl-float-convert -mxl-float-sqrt -mxl-multiply-high -mxl-pattern-compare" "EXTRA_COMPILER_FLAGS=-g"
"Compiling cpu"
"Running Make libs in microblaze_0/libsrc/gpio_v4_3/src"
make -C microblaze_0/libsrc/gpio_v4_3/src -s libs  "SHELL=CMD" "COMPILER=mb-gcc" "ARCHIVER=mb-ar" "COMPILER_FLAGS= -O2 -c -mcpu=v10.0 -mhard-float -mlittle-endian -mno-xl-soft-div -mno-xl-soft-mul -mxl-barrel-shift -mxl-float-convert -mxl-float-sqrt -mxl-multiply-high -mxl-pattern-compare" "EXTRA_COMPILER_FLAGS=-g"
"Compiling gpio"
"Running Make libs in microblaze_0/libsrc/intc_v3_5/src"
make -C microblaze_0/libsrc/intc_v3_5/src -s libs  "SHELL=CMD" "COMPILER=mb-gcc" "ARCHIVER=mb-ar" "COMPILER_FLAGS= -O2 -c -mcpu=v10.0 -mhard-float -mlittle-endian -mno-xl-soft-div -mno-xl-soft-mul -mxl-barrel-shift -mxl-float-convert -mxl-float-sqrt -mxl-multiply-high -mxl-pattern-compare" "EXTRA_COMPILER_FLAGS=-g"
"Compiling intc"
"Running Make libs in microblaze_0/libsrc/standalone_v6_1/src"
make -C microblaze_0/libsrc/standalone_v6_1/src -s libs  "SHELL=CMD" "COMPILER=mb-gcc" "ARCHIVER=mb-ar" "COMPILER_FLAGS= -O2 -c -mcpu=v10.0 -mhard-float -mlittle-endian -mno-xl-soft-div -mno-xl-soft-mul -mxl-barrel-shift -mxl-float-convert -mxl-float-sqrt -mxl-multiply-high -mxl-pattern-compare" "EXTRA_COMPILER_FLAGS=-g"
"Compiling standalone";
"Running Make libs in microblaze_0/libsrc/tmrctr_v4_2/src"
make -C microblaze_0/libsrc/tmrctr_v4_2/src -s libs  "SHELL=CMD" "COMPILER=mb-gcc" "ARCHIVER=mb-ar" "COMPILER_FLAGS= -O2 -c -mcpu=v10.0 -mhard-float -mlittle-endian -mno-xl-soft-div -mno-xl-soft-mul -mxl-barrel-shift -mxl-float-convert -mxl-float-sqrt -mxl-multiply-high -mxl-pattern-compare" "EXTRA_COMPILER_FLAGS=-g"
"Compiling tmrctr"
"Running Make libs in microblaze_0/libsrc/uartlite_v3_2/src"
make -C microblaze_0/libsrc/uartlite_v3_2/src -s libs  "SHELL=CMD" "COMPILER=mb-gcc" "ARCHIVER=mb-ar" "COMPILER_FLAGS= -O2 -c -mcpu=v10.0 -mhard-float -mlittle-endian -mno-xl-soft-div -mno-xl-soft-mul -mxl-barrel-shift -mxl-float-convert -mxl-float-sqrt -mxl-multiply-high -mxl-pattern-compare" "EXTRA_COMPILER_FLAGS=-g"
"Compiling uartlite"
"Running Make libs in microblaze_0/libsrc/vtc_v7_2/src"
make -C microblaze_0/libsrc/vtc_v7_2/src -s libs  "SHELL=CMD" "COMPILER=mb-gcc" "ARCHIVER=mb-ar" "COMPILER_FLAGS= -O2 -c -mcpu=v10.0 -mhard-float -mlittle-endian -mno-xl-soft-div -mno-xl-soft-mul -mxl-barrel-shift -mxl-float-convert -mxl-float-sqrt -mxl-multiply-high -mxl-pattern-compare" "EXTRA_COMPILER_FLAGS=-g"
"Compiling video timing controller"
'Finished building libraries'
19:17:25 **** Build of configuration Debug for project videodemo ****
make all 
'Building file: ../src/video_capture/video_capture.c'
'Invoking: MicroBlaze gcc compiler'
mb-gcc -Wall -O0 -g3 -c -fmessage-length=0 -MT"src/video_capture/video_capture.o" -I../../videodemo_bsp/microblaze_0/include -mlittle-endian -mxl-barrel-shift -mxl-pattern-compare -mno-xl-soft-div -mcpu=v10.0 -mno-xl-soft-mul -mxl-multiply-high -mhard-float -mxl-float-convert -mxl-float-sqrt -Wl,--no-relax -ffunction-sections -fdata-sections -MMD -MP -MF"src/video_capture/video_capture.d" -MT"src/video_capture/video_capture.o" -o "src/video_capture/video_capture.o" "../src/video_capture/video_capture.c"
'Finished building: ../src/video_capture/video_capture.c'
' '
'Building file: ../src/timer_ps/timer_ps.c'
'Invoking: MicroBlaze gcc compiler'
mb-gcc -Wall -O0 -g3 -c -fmessage-length=0 -MT"src/timer_ps/timer_ps.o" -I../../videodemo_bsp/microblaze_0/include -mlittle-endian -mxl-barrel-shift -mxl-pattern-compare -mno-xl-soft-div -mcpu=v10.0 -mno-xl-soft-mul -mxl-multiply-high -mhard-float -mxl-float-convert -mxl-float-sqrt -Wl,--no-relax -ffunction-sections -fdata-sections -MMD -MP -MF"src/timer_ps/timer_ps.d" -MT"src/timer_ps/timer_ps.o" -o "src/timer_ps/timer_ps.o" "../src/timer_ps/timer_ps.c"
'Finished building: ../src/timer_ps/timer_ps.c'
' '
'Building file: ../src/intc/intc.c'
'Invoking: MicroBlaze gcc compiler'
mb-gcc -Wall -O0 -g3 -c -fmessage-length=0 -MT"src/intc/intc.o" -I../../videodemo_bsp/microblaze_0/include -mlittle-endian -mxl-barrel-shift -mxl-pattern-compare -mno-xl-soft-div -mcpu=v10.0 -mno-xl-soft-mul -mxl-multiply-high -mhard-float -mxl-float-convert -mxl-float-sqrt -Wl,--no-relax -ffunction-sections -fdata-sections -MMD -MP -MF"src/intc/intc.d" -MT"src/intc/intc.o" -o "src/intc/intc.o" "../src/intc/intc.c"
'Finished building: ../src/intc/intc.c'
' '
'Building file: ../src/dynclk/dynclk.c'
'Invoking: MicroBlaze gcc compiler'
mb-gcc -Wall -O0 -g3 -c -fmessage-length=0 -MT"src/dynclk/dynclk.o" -I../../videodemo_bsp/microblaze_0/include -mlittle-endian -mxl-barrel-shift -mxl-pattern-compare -mno-xl-soft-div -mcpu=v10.0 -mno-xl-soft-mul -mxl-multiply-high -mhard-float -mxl-float-convert -mxl-float-sqrt -Wl,--no-relax -ffunction-sections -fdata-sections -MMD -MP -MF"src/dynclk/dynclk.d" -MT"src/dynclk/dynclk.o" -o "src/dynclk/dynclk.o" "../src/dynclk/dynclk.c"
'Finished building: ../src/dynclk/dynclk.c'
' '
'Building file: ../src/display_ctrl/display_ctrl.c'
'Invoking: MicroBlaze gcc compiler'
mb-gcc -Wall -O0 -g3 -c -fmessage-length=0 -MT"src/display_ctrl/display_ctrl.o" -I../../videodemo_bsp/microblaze_0/include -mlittle-endian -mxl-barrel-shift -mxl-pattern-compare -mno-xl-soft-div -mcpu=v10.0 -mno-xl-soft-mul -mxl-multiply-high -mhard-float -mxl-float-convert -mxl-float-sqrt -Wl,--no-relax -ffunction-sections -fdata-sections -MMD -MP -MF"src/display_ctrl/display_ctrl.d" -MT"src/display_ctrl/display_ctrl.o" -o "src/display_ctrl/display_ctrl.o" "../src/display_ctrl/display_ctrl.c"
'Finished building: ../src/display_ctrl/display_ctrl.c'
' '
'Building file: ../src/video_demo.c'
'Invoking: MicroBlaze gcc compiler'
mb-gcc -Wall -O0 -g3 -c -fmessage-length=0 -MT"src/video_demo.o" -I../../videodemo_bsp/microblaze_0/include -mlittle-endian -mxl-barrel-shift -mxl-pattern-compare -mno-xl-soft-div -mcpu=v10.0 -mno-xl-soft-mul -mxl-multiply-high -mhard-float -mxl-float-convert -mxl-float-sqrt -Wl,--no-relax -ffunction-sections -fdata-sections -MMD -MP -MF"src/video_demo.d" -MT"src/video_demo.o" -o "src/video_demo.o" "../src/video_demo.c"
'Finished building: ../src/video_demo.c'
' '
'Building target: videodemo.elf'
'Invoking: MicroBlaze gcc linker'
mb-gcc -Wl,-T -Wl,../src/lscript.ld -L../../videodemo_bsp/microblaze_0/lib -mlittle-endian -mxl-barrel-shift -mxl-pattern-compare -mno-xl-soft-div -mcpu=v10.0 -mno-xl-soft-mul -mxl-multiply-high -mhard-float -mxl-float-convert -mxl-float-sqrt -Wl,--no-relax -Wl,--gc-sections -o "videodemo.elf"  ./src/video_capture/video_capture.o  ./src/timer_ps/timer_ps.o  ./src/intc/intc.o  ./src/dynclk/dynclk.o  ./src/display_ctrl/display_ctrl.o  ./src/video_demo.o   -Wl,--start-group,-lxil,-lgcc,-lc,--end-group
'Finished building target: videodemo.elf'
' '
'Invoking: MicroBlaze Print Size'
mb-size videodemo.elf  |tee "videodemo.elf.size"
   text	   data	    bss	    dec	    hex	filename
 111960	   1728	18796872	18910560	1208d60	videodemo.elf
'Finished building: videodemo.elf.size'
' '
19:17:31 **** Incremental Build of configuration Debug for project videodemo ****
make all 
make: Nothing to be done for `all'.
19:17:35 **** Incremental Build of configuration Debug for project videodemo ****
make all 
make: Nothing to be done for `all'.
19:19:27 **** Auto Build of configuration Debug for project videodemo ****
make all 
'Building file: ../src/video_demo.c'
'Invoking: MicroBlaze gcc compiler'
mb-gcc -Wall -O0 -g3 -c -fmessage-length=0 -MT"src/video_demo.o" -I../../videodemo_bsp/microblaze_0/include -mlittle-endian -mxl-barrel-shift -mxl-pattern-compare -mno-xl-soft-div -mcpu=v10.0 -mno-xl-soft-mul -mxl-multiply-high -mhard-float -mxl-float-convert -mxl-float-sqrt -Wl,--no-relax -ffunction-sections -fdata-sections -MMD -MP -MF"src/video_demo.d" -MT"src/video_demo.o" -o "src/video_demo.o" "../src/video_demo.c"
'Finished building: ../src/video_demo.c'
' '
'Building target: videodemo.elf'
'Invoking: MicroBlaze gcc linker'
mb-gcc -Wl,-T -Wl,../src/lscript.ld -L../../videodemo_bsp/microblaze_0/lib -mlittle-endian -mxl-barrel-shift -mxl-pattern-compare -mno-xl-soft-div -mcpu=v10.0 -mno-xl-soft-mul -mxl-multiply-high -mhard-float -mxl-float-convert -mxl-float-sqrt -Wl,--no-relax -Wl,--gc-sections -o "videodemo.elf"  ./src/video_capture/video_capture.o  ./src/timer_ps/timer_ps.o  ./src/intc/intc.o  ./src/dynclk/dynclk.o  ./src/display_ctrl/display_ctrl.o  ./src/video_demo.o   -Wl,--start-group,-lxil,-lgcc,-lc,--end-group
'Finished building target: videodemo.elf'
' '
'Invoking: MicroBlaze Print Size'
mb-size videodemo.elf  |tee "videodemo.elf.size"
   text	   data	    bss	    dec	    hex	filename
   9648	   1392	 131304	 142344	  22c08	videodemo.elf
'Finished building: videodemo.elf.size'
' '
19:20:31 **** Auto Build of configuration Debug for project videodemo ****
make all 
'Building file: ../src/video_demo.c'
'Invoking: MicroBlaze gcc compiler'
mb-gcc -Wall -O0 -g3 -c -fmessage-length=0 -MT"src/video_demo.o" -I../../videodemo_bsp/microblaze_0/include -mlittle-endian -mxl-barrel-shift -mxl-pattern-compare -mno-xl-soft-div -mcpu=v10.0 -mno-xl-soft-mul -mxl-multiply-high -mhard-float -mxl-float-convert -mxl-float-sqrt -Wl,--no-relax -ffunction-sections -fdata-sections -MMD -MP -MF"src/video_demo.d" -MT"src/video_demo.o" -o "src/video_demo.o" "../src/video_demo.c"
../src/video_demo.c: In function 'main':
../src/video_demo.c:90:26: warning: unused variable 'memptr' [-Wunused-variable]
  volatile unsigned int * memptr = (unsigned int*) 0X40020000;
                          ^~~~~~
'Finished building: ../src/video_demo.c'
' '
'Building target: videodemo.elf'
'Invoking: MicroBlaze gcc linker'
mb-gcc -Wl,-T -Wl,../src/lscript.ld -L../../videodemo_bsp/microblaze_0/lib -mlittle-endian -mxl-barrel-shift -mxl-pattern-compare -mno-xl-soft-div -mcpu=v10.0 -mno-xl-soft-mul -mxl-multiply-high -mhard-float -mxl-float-convert -mxl-float-sqrt -Wl,--no-relax -Wl,--gc-sections -o "videodemo.elf"  ./src/video_capture/video_capture.o  ./src/timer_ps/timer_ps.o  ./src/intc/intc.o  ./src/dynclk/dynclk.o  ./src/display_ctrl/display_ctrl.o  ./src/video_demo.o   -Wl,--start-group,-lxil,-lgcc,-lc,--end-group
'Finished building target: videodemo.elf'
' '
'Invoking: MicroBlaze Print Size'
mb-size videodemo.elf  |tee "videodemo.elf.size"
   text	   data	    bss	    dec	    hex	filename
   9660	   1392	 131308	 142360	  22c18	videodemo.elf
'Finished building: videodemo.elf.size'
' '
19:21:14 **** Auto Build of configuration Debug for project videodemo ****
make all 
'Building file: ../src/video_demo.c'
'Invoking: MicroBlaze gcc compiler'
mb-gcc -Wall -O0 -g3 -c -fmessage-length=0 -MT"src/video_demo.o" -I../../videodemo_bsp/microblaze_0/include -mlittle-endian -mxl-barrel-shift -mxl-pattern-compare -mno-xl-soft-div -mcpu=v10.0 -mno-xl-soft-mul -mxl-multiply-high -mhard-float -mxl-float-convert -mxl-float-sqrt -Wl,--no-relax -ffunction-sections -fdata-sections -MMD -MP -MF"src/video_demo.d" -MT"src/video_demo.o" -o "src/video_demo.o" "../src/video_demo.c"
../src/video_demo.c: In function 'main':
../src/video_demo.c:93:10: warning: passing argument 1 of 'printf' makes pointer from integer without a cast [-Wint-conversion]
   printf(* memptr)
          ^
In file included from c:\xilinx_2017\sdk\2017.2\gnu\microblaze\nt\microblaze-xilinx-elf\include\ctype.h:4:0,
                 from ../../videodemo_bsp/microblaze_0/include/xil_printf.h:8,
                 from ../../videodemo_bsp/microblaze_0/include/xil_io.h:63,
                 from ../../videodemo_bsp/microblaze_0/include/xaxivdma_hw.h:82,
                 from ../../videodemo_bsp/microblaze_0/include/xaxivdma.h:309,
                 from ../src/video_capture/video_capture.h:75,
                 from ../src/video_demo.c:30:
c:\xilinx_2017\sdk\2017.2\gnu\microblaze\nt\microblaze-xilinx-elf\include\stdio.h:181:5: note: expected 'const char * restrict' but argument is of type 'unsigned int'
 int _EXFUN(printf, (const char *__restrict, ...)
     ^
../src/video_demo.c:95:2: error: expected ';' before '}' token
  }
  ^
make: *** [src/video_demo.o] ´íÎó 1
19:21:16 **** Auto Build of configuration Debug for project videodemo ****
make all 
'Building file: ../src/video_demo.c'
'Invoking: MicroBlaze gcc compiler'
mb-gcc -Wall -O0 -g3 -c -fmessage-length=0 -MT"src/video_demo.o" -I../../videodemo_bsp/microblaze_0/include -mlittle-endian -mxl-barrel-shift -mxl-pattern-compare -mno-xl-soft-div -mcpu=v10.0 -mno-xl-soft-mul -mxl-multiply-high -mhard-float -mxl-float-convert -mxl-float-sqrt -Wl,--no-relax -ffunction-sections -fdata-sections -MMD -MP -MF"src/video_demo.d" -MT"src/video_demo.o" -o "src/video_demo.o" "../src/video_demo.c"
../src/video_demo.c: In function 'main':
../src/video_demo.c:93:10: warning: passing argument 1 of 'printf' makes pointer from integer without a cast [-Wint-conversion]
   printf(* memptr);
          ^
In file included from c:\xilinx_2017\sdk\2017.2\gnu\microblaze\nt\microblaze-xilinx-elf\include\ctype.h:4:0,
                 from ../../videodemo_bsp/microblaze_0/include/xil_printf.h:8,
                 from ../../videodemo_bsp/microblaze_0/include/xil_io.h:63,
                 from ../../videodemo_bsp/microblaze_0/include/xaxivdma_hw.h:82,
                 from ../../videodemo_bsp/microblaze_0/include/xaxivdma.h:309,
                 from ../src/video_capture/video_capture.h:75,
                 from ../src/video_demo.c:30:
c:\xilinx_2017\sdk\2017.2\gnu\microblaze\nt\microblaze-xilinx-elf\include\stdio.h:181:5: note: expected 'const char * restrict' but argument is of type 'unsigned int'
 int _EXFUN(printf, (const char *__restrict, ...)
     ^
'Finished building: ../src/video_demo.c'
' '
'Building target: videodemo.elf'
'Invoking: MicroBlaze gcc linker'
mb-gcc -Wl,-T -Wl,../src/lscript.ld -L../../videodemo_bsp/microblaze_0/lib -mlittle-endian -mxl-barrel-shift -mxl-pattern-compare -mno-xl-soft-div -mcpu=v10.0 -mno-xl-soft-mul -mxl-multiply-high -mhard-float -mxl-float-convert -mxl-float-sqrt -Wl,--no-relax -Wl,--gc-sections -o "videodemo.elf"  ./src/video_capture/video_capture.o  ./src/timer_ps/timer_ps.o  ./src/intc/intc.o  ./src/dynclk/dynclk.o  ./src/display_ctrl/display_ctrl.o  ./src/video_demo.o   -Wl,--start-group,-lxil,-lgcc,-lc,--end-group
'Finished building target: videodemo.elf'
' '
'Invoking: MicroBlaze Print Size'
mb-size videodemo.elf  |tee "videodemo.elf.size"
   text	   data	    bss	    dec	    hex	filename
  63748	   1520	 131308	 196576	  2ffe0	videodemo.elf
'Finished building: videodemo.elf.size'
' '
19:21:20 **** Incremental Build of configuration Debug for project videodemo ****
make all 
make: Nothing to be done for `all'.
19:22:07 **** Auto Build of configuration Debug for project videodemo ****
make all 
'Building file: ../src/video_demo.c'
'Invoking: MicroBlaze gcc compiler'
mb-gcc -Wall -O0 -g3 -c -fmessage-length=0 -MT"src/video_demo.o" -I../../videodemo_bsp/microblaze_0/include -mlittle-endian -mxl-barrel-shift -mxl-pattern-compare -mno-xl-soft-div -mcpu=v10.0 -mno-xl-soft-mul -mxl-multiply-high -mhard-float -mxl-float-convert -mxl-float-sqrt -Wl,--no-relax -ffunction-sections -fdata-sections -MMD -MP -MF"src/video_demo.d" -MT"src/video_demo.o" -o "src/video_demo.o" "../src/video_demo.c"
'Finished building: ../src/video_demo.c'
' '
'Building target: videodemo.elf'
'Invoking: MicroBlaze gcc linker'
mb-gcc -Wl,-T -Wl,../src/lscript.ld -L../../videodemo_bsp/microblaze_0/lib -mlittle-endian -mxl-barrel-shift -mxl-pattern-compare -mno-xl-soft-div -mcpu=v10.0 -mno-xl-soft-mul -mxl-multiply-high -mhard-float -mxl-float-convert -mxl-float-sqrt -Wl,--no-relax -Wl,--gc-sections -o "videodemo.elf"  ./src/video_capture/video_capture.o  ./src/timer_ps/timer_ps.o  ./src/intc/intc.o  ./src/dynclk/dynclk.o  ./src/display_ctrl/display_ctrl.o  ./src/video_demo.o   -Wl,--start-group,-lxil,-lgcc,-lc,--end-group
'Finished building target: videodemo.elf'
' '
'Invoking: MicroBlaze Print Size'
mb-size videodemo.elf  |tee "videodemo.elf.size"
   text	   data	    bss	    dec	    hex	filename
  65156	   1520	 131308	 197984	  30560	videodemo.elf
'Finished building: videodemo.elf.size'
' '
19:22:10 **** Incremental Build of configuration Debug for project videodemo ****
make all 
make: Nothing to be done for `all'.
19:22:27 **** Auto Build of configuration Debug for project videodemo ****
make all 
'Building file: ../src/video_demo.c'
'Invoking: MicroBlaze gcc compiler'
mb-gcc -Wall -O0 -g3 -c -fmessage-length=0 -MT"src/video_demo.o" -I../../videodemo_bsp/microblaze_0/include -mlittle-endian -mxl-barrel-shift -mxl-pattern-compare -mno-xl-soft-div -mcpu=v10.0 -mno-xl-soft-mul -mxl-multiply-high -mhard-float -mxl-float-convert -mxl-float-sqrt -Wl,--no-relax -ffunction-sections -fdata-sections -MMD -MP -MF"src/video_demo.d" -MT"src/video_demo.o" -o "src/video_demo.o" "../src/video_demo.c"
'Finished building: ../src/video_demo.c'
' '
'Building target: videodemo.elf'
'Invoking: MicroBlaze gcc linker'
mb-gcc -Wl,-T -Wl,../src/lscript.ld -L../../videodemo_bsp/microblaze_0/lib -mlittle-endian -mxl-barrel-shift -mxl-pattern-compare -mno-xl-soft-div -mcpu=v10.0 -mno-xl-soft-mul -mxl-multiply-high -mhard-float -mxl-float-convert -mxl-float-sqrt -Wl,--no-relax -Wl,--gc-sections -o "videodemo.elf"  ./src/video_capture/video_capture.o  ./src/timer_ps/timer_ps.o  ./src/intc/intc.o  ./src/dynclk/dynclk.o  ./src/display_ctrl/display_ctrl.o  ./src/video_demo.o   -Wl,--start-group,-lxil,-lgcc,-lc,--end-group
'Finished building target: videodemo.elf'
' '
'Invoking: MicroBlaze Print Size'
mb-size videodemo.elf  |tee "videodemo.elf.size"
   text	   data	    bss	    dec	    hex	filename
  65156	   1520	 131308	 197984	  30560	videodemo.elf
'Finished building: videodemo.elf.size'
' '
19:22:34 **** Auto Build of configuration Debug for project videodemo ****
make all 
'Building file: ../src/video_demo.c'
'Invoking: MicroBlaze gcc compiler'
mb-gcc -Wall -O0 -g3 -c -fmessage-length=0 -MT"src/video_demo.o" -I../../videodemo_bsp/microblaze_0/include -mlittle-endian -mxl-barrel-shift -mxl-pattern-compare -mno-xl-soft-div -mcpu=v10.0 -mno-xl-soft-mul -mxl-multiply-high -mhard-float -mxl-float-convert -mxl-float-sqrt -Wl,--no-relax -ffunction-sections -fdata-sections -MMD -MP -MF"src/video_demo.d" -MT"src/video_demo.o" -o "src/video_demo.o" "../src/video_demo.c"
'Finished building: ../src/video_demo.c'
' '
'Building target: videodemo.elf'
'Invoking: MicroBlaze gcc linker'
mb-gcc -Wl,-T -Wl,../src/lscript.ld -L../../videodemo_bsp/microblaze_0/lib -mlittle-endian -mxl-barrel-shift -mxl-pattern-compare -mno-xl-soft-div -mcpu=v10.0 -mno-xl-soft-mul -mxl-multiply-high -mhard-float -mxl-float-convert -mxl-float-sqrt -Wl,--no-relax -Wl,--gc-sections -o "videodemo.elf"  ./src/video_capture/video_capture.o  ./src/timer_ps/timer_ps.o  ./src/intc/intc.o  ./src/dynclk/dynclk.o  ./src/display_ctrl/display_ctrl.o  ./src/video_demo.o   -Wl,--start-group,-lxil,-lgcc,-lc,--end-group
'Finished building target: videodemo.elf'
' '
'Invoking: MicroBlaze Print Size'
mb-size videodemo.elf  |tee "videodemo.elf.size"
   text	   data	    bss	    dec	    hex	filename
  65164	   1520	 131308	 197992	  30568	videodemo.elf
'Finished building: videodemo.elf.size'
' '
19:22:36 **** Incremental Build of configuration Debug for project videodemo ****
make all 
make: Nothing to be done for `all'.
19:22:52 **** Auto Build of configuration Debug for project videodemo ****
make all 
'Building file: ../src/video_demo.c'
'Invoking: MicroBlaze gcc compiler'
mb-gcc -Wall -O0 -g3 -c -fmessage-length=0 -MT"src/video_demo.o" -I../../videodemo_bsp/microblaze_0/include -mlittle-endian -mxl-barrel-shift -mxl-pattern-compare -mno-xl-soft-div -mcpu=v10.0 -mno-xl-soft-mul -mxl-multiply-high -mhard-float -mxl-float-convert -mxl-float-sqrt -Wl,--no-relax -ffunction-sections -fdata-sections -MMD -MP -MF"src/video_demo.d" -MT"src/video_demo.o" -o "src/video_demo.o" "../src/video_demo.c"
'Finished building: ../src/video_demo.c'
' '
'Building target: videodemo.elf'
'Invoking: MicroBlaze gcc linker'
mb-gcc -Wl,-T -Wl,../src/lscript.ld -L../../videodemo_bsp/microblaze_0/lib -mlittle-endian -mxl-barrel-shift -mxl-pattern-compare -mno-xl-soft-div -mcpu=v10.0 -mno-xl-soft-mul -mxl-multiply-high -mhard-float -mxl-float-convert -mxl-float-sqrt -Wl,--no-relax -Wl,--gc-sections -o "videodemo.elf"  ./src/video_capture/video_capture.o  ./src/timer_ps/timer_ps.o  ./src/intc/intc.o  ./src/dynclk/dynclk.o  ./src/display_ctrl/display_ctrl.o  ./src/video_demo.o   -Wl,--start-group,-lxil,-lgcc,-lc,--end-group
'Finished building target: videodemo.elf'
' '
'Invoking: MicroBlaze Print Size'
mb-size videodemo.elf  |tee "videodemo.elf.size"
   text	   data	    bss	    dec	    hex	filename
  65204	   1520	 131308	 198032	  30590	videodemo.elf
'Finished building: videodemo.elf.size'
' '
19:22:55 **** Incremental Build of configuration Debug for project videodemo ****
make all 
make: Nothing to be done for `all'.
19:23:28 **** Incremental Build of configuration Debug for project videodemo ****
make all 
make: Nothing to be done for `all'.
19:24:17 **** Incremental Build of configuration Debug for project videodemo ****
make all 
make: Nothing to be done for `all'.
19:24:36 **** Incremental Build of configuration Debug for project videodemo ****
make all 
make: Nothing to be done for `all'.
19:24:55 **** Auto Build of configuration Debug for project videodemo ****
make all 
'Building file: ../src/video_demo.c'
'Invoking: MicroBlaze gcc compiler'
mb-gcc -Wall -O0 -g3 -c -fmessage-length=0 -MT"src/video_demo.o" -I../../videodemo_bsp/microblaze_0/include -mlittle-endian -mxl-barrel-shift -mxl-pattern-compare -mno-xl-soft-div -mcpu=v10.0 -mno-xl-soft-mul -mxl-multiply-high -mhard-float -mxl-float-convert -mxl-float-sqrt -Wl,--no-relax -ffunction-sections -fdata-sections -MMD -MP -MF"src/video_demo.d" -MT"src/video_demo.o" -o "src/video_demo.o" "../src/video_demo.c"
'Finished building: ../src/video_demo.c'
' '
'Building target: videodemo.elf'
'Invoking: MicroBlaze gcc linker'
mb-gcc -Wl,-T -Wl,../src/lscript.ld -L../../videodemo_bsp/microblaze_0/lib -mlittle-endian -mxl-barrel-shift -mxl-pattern-compare -mno-xl-soft-div -mcpu=v10.0 -mno-xl-soft-mul -mxl-multiply-high -mhard-float -mxl-float-convert -mxl-float-sqrt -Wl,--no-relax -Wl,--gc-sections -o "videodemo.elf"  ./src/video_capture/video_capture.o  ./src/timer_ps/timer_ps.o  ./src/intc/intc.o  ./src/dynclk/dynclk.o  ./src/display_ctrl/display_ctrl.o  ./src/video_demo.o   -Wl,--start-group,-lxil,-lgcc,-lc,--end-group
'Finished building target: videodemo.elf'
' '
'Invoking: MicroBlaze Print Size'
mb-size videodemo.elf  |tee "videodemo.elf.size"
   text	   data	    bss	    dec	    hex	filename
  65228	   1520	 131308	 198056	  305a8	videodemo.elf
'Finished building: videodemo.elf.size'
' '
19:25:02 **** Incremental Build of configuration Debug for project videodemo ****
make all 
make: Nothing to be done for `all'.
19:28:46 **** Auto Build of configuration Debug for project videodemo ****
make all 
'Building file: ../src/video_demo.c'
'Invoking: MicroBlaze gcc compiler'
mb-gcc -Wall -O0 -g3 -c -fmessage-length=0 -MT"src/video_demo.o" -I../../videodemo_bsp/microblaze_0/include -mlittle-endian -mxl-barrel-shift -mxl-pattern-compare -mno-xl-soft-div -mcpu=v10.0 -mno-xl-soft-mul -mxl-multiply-high -mhard-float -mxl-float-convert -mxl-float-sqrt -Wl,--no-relax -ffunction-sections -fdata-sections -MMD -MP -MF"src/video_demo.d" -MT"src/video_demo.o" -o "src/video_demo.o" "../src/video_demo.c"
'Finished building: ../src/video_demo.c'
' '
'Building target: videodemo.elf'
'Invoking: MicroBlaze gcc linker'
mb-gcc -Wl,-T -Wl,../src/lscript.ld -L../../videodemo_bsp/microblaze_0/lib -mlittle-endian -mxl-barrel-shift -mxl-pattern-compare -mno-xl-soft-div -mcpu=v10.0 -mno-xl-soft-mul -mxl-multiply-high -mhard-float -mxl-float-convert -mxl-float-sqrt -Wl,--no-relax -Wl,--gc-sections -o "videodemo.elf"  ./src/video_capture/video_capture.o  ./src/timer_ps/timer_ps.o  ./src/intc/intc.o  ./src/dynclk/dynclk.o  ./src/display_ctrl/display_ctrl.o  ./src/video_demo.o   -Wl,--start-group,-lxil,-lgcc,-lc,--end-group
'Finished building target: videodemo.elf'
' '
'Invoking: MicroBlaze Print Size'
mb-size videodemo.elf  |tee "videodemo.elf.size"
   text	   data	    bss	    dec	    hex	filename
 112012	   1728	18796876	18910616	1208d98	videodemo.elf
'Finished building: videodemo.elf.size'
' '
19:28:48 **** Incremental Build of configuration Debug for project videodemo ****
make all 
make: Nothing to be done for `all'.
19:29:04 **** Incremental Build of configuration Debug for project videodemo ****
make all 
make: Nothing to be done for `all'.
19:31:21 **** Auto Build of configuration Debug for project videodemo ****
make all 
'Building file: ../src/video_demo.c'
'Invoking: MicroBlaze gcc compiler'
mb-gcc -Wall -O0 -g3 -c -fmessage-length=0 -MT"src/video_demo.o" -I../../videodemo_bsp/microblaze_0/include -mlittle-endian -mxl-barrel-shift -mxl-pattern-compare -mno-xl-soft-div -mcpu=v10.0 -mno-xl-soft-mul -mxl-multiply-high -mhard-float -mxl-float-convert -mxl-float-sqrt -Wl,--no-relax -ffunction-sections -fdata-sections -MMD -MP -MF"src/video_demo.d" -MT"src/video_demo.o" -o "src/video_demo.o" "../src/video_demo.c"
../src/video_demo.c: In function 'main':
../src/video_demo.c:99:3: error: too many arguments to function 'print'
   print("12 %d", * memptr);
   ^~~~~
In file included from c:\xilinx_2017\sdk\2017.2\gnu\microblaze\nt\microblaze-xilinx-elf\include\ctype.h:4:0,
                 from ../../videodemo_bsp/microblaze_0/include/xil_printf.h:8,
                 from ../../videodemo_bsp/microblaze_0/include/xil_io.h:63,
                 from ../../videodemo_bsp/microblaze_0/include/xaxivdma_hw.h:82,
                 from ../../videodemo_bsp/microblaze_0/include/xaxivdma.h:309,
                 from ../src/video_capture/video_capture.h:75,
                 from ../src/video_demo.c:30:
c:\xilinx_2017\sdk\2017.2\gnu\microblaze\nt\microblaze-xilinx-elf\include\stdio.h:231:9: note: declared here
 void    _EXFUN(print, (const char* ));
         ^
make: *** [src/video_demo.o] ´íÎó 1
19:31:37 **** Auto Build of configuration Debug for project videodemo ****
make all 
'Building file: ../src/video_demo.c'
'Invoking: MicroBlaze gcc compiler'
mb-gcc -Wall -O0 -g3 -c -fmessage-length=0 -MT"src/video_demo.o" -I../../videodemo_bsp/microblaze_0/include -mlittle-endian -mxl-barrel-shift -mxl-pattern-compare -mno-xl-soft-div -mcpu=v10.0 -mno-xl-soft-mul -mxl-multiply-high -mhard-float -mxl-float-convert -mxl-float-sqrt -Wl,--no-relax -ffunction-sections -fdata-sections -MMD -MP -MF"src/video_demo.d" -MT"src/video_demo.o" -o "src/video_demo.o" "../src/video_demo.c"
../src/video_demo.c: In function 'main':
../src/video_demo.c:92:26: warning: unused variable 'memptr' [-Wunused-variable]
  volatile unsigned int * memptr = (unsigned int*) 0X40020000;
                          ^~~~~~
'Finished building: ../src/video_demo.c'
' '
'Building target: videodemo.elf'
'Invoking: MicroBlaze gcc linker'
mb-gcc -Wl,-T -Wl,../src/lscript.ld -L../../videodemo_bsp/microblaze_0/lib -mlittle-endian -mxl-barrel-shift -mxl-pattern-compare -mno-xl-soft-div -mcpu=v10.0 -mno-xl-soft-mul -mxl-multiply-high -mhard-float -mxl-float-convert -mxl-float-sqrt -Wl,--no-relax -Wl,--gc-sections -o "videodemo.elf"  ./src/video_capture/video_capture.o  ./src/timer_ps/timer_ps.o  ./src/intc/intc.o  ./src/dynclk/dynclk.o  ./src/display_ctrl/display_ctrl.o  ./src/video_demo.o   -Wl,--start-group,-lxil,-lgcc,-lc,--end-group
'Finished building target: videodemo.elf'
' '
'Invoking: MicroBlaze Print Size'
mb-size videodemo.elf  |tee "videodemo.elf.size"
   text	   data	    bss	    dec	    hex	filename
 112068	   1728	18796876	18910672	1208dd0	videodemo.elf
'Finished building: videodemo.elf.size'
' '
19:31:46 **** Incremental Build of configuration Debug for project videodemo ****
make all 
make: Nothing to be done for `all'.
19:31:57 **** Incremental Build of configuration Debug for project videodemo ****
make all 
make: Nothing to be done for `all'.
19:32:07 **** Incremental Build of configuration Debug for project videodemo ****
make all 
make: Nothing to be done for `all'.
19:32:36 **** Incremental Build of configuration Debug for project videodemo ****
make all 
make: Nothing to be done for `all'.
19:33:36 **** Incremental Build of configuration Debug for project videodemo ****
make all 
make: Nothing to be done for `all'.
19:34:01 **** Auto Build of configuration Debug for project videodemo ****
make all 
'Building file: ../src/video_demo.c'
'Invoking: MicroBlaze gcc compiler'
mb-gcc -Wall -O0 -g3 -c -fmessage-length=0 -MT"src/video_demo.o" -I../../videodemo_bsp/microblaze_0/include -mlittle-endian -mxl-barrel-shift -mxl-pattern-compare -mno-xl-soft-div -mcpu=v10.0 -mno-xl-soft-mul -mxl-multiply-high -mhard-float -mxl-float-convert -mxl-float-sqrt -Wl,--no-relax -ffunction-sections -fdata-sections -MMD -MP -MF"src/video_demo.d" -MT"src/video_demo.o" -o "src/video_demo.o" "../src/video_demo.c"
../src/video_demo.c: In function 'main':
../src/video_demo.c:92:26: warning: unused variable 'memptr' [-Wunused-variable]
  volatile unsigned int * memptr = (unsigned int*) 0X40020000;
                          ^~~~~~
'Finished building: ../src/video_demo.c'
' '
'Building target: videodemo.elf'
'Invoking: MicroBlaze gcc linker'
mb-gcc -Wl,-T -Wl,../src/lscript.ld -L../../videodemo_bsp/microblaze_0/lib -mlittle-endian -mxl-barrel-shift -mxl-pattern-compare -mno-xl-soft-div -mcpu=v10.0 -mno-xl-soft-mul -mxl-multiply-high -mhard-float -mxl-float-convert -mxl-float-sqrt -Wl,--no-relax -Wl,--gc-sections -o "videodemo.elf"  ./src/video_capture/video_capture.o  ./src/timer_ps/timer_ps.o  ./src/intc/intc.o  ./src/dynclk/dynclk.o  ./src/display_ctrl/display_ctrl.o  ./src/video_demo.o   -Wl,--start-group,-lxil,-lgcc,-lc,--end-group
'Finished building target: videodemo.elf'
' '
'Invoking: MicroBlaze Print Size'
mb-size videodemo.elf  |tee "videodemo.elf.size"
   text	   data	    bss	    dec	    hex	filename
  11304	   1392	 131304	 144000	  23280	videodemo.elf
'Finished building: videodemo.elf.size'
' '
19:34:03 **** Incremental Build of configuration Debug for project videodemo ****
make all 
make: Nothing to be done for `all'.
19:34:21 **** Auto Build of configuration Debug for project videodemo ****
make all 
'Building file: ../src/video_demo.c'
'Invoking: MicroBlaze gcc compiler'
mb-gcc -Wall -O0 -g3 -c -fmessage-length=0 -MT"src/video_demo.o" -I../../videodemo_bsp/microblaze_0/include -mlittle-endian -mxl-barrel-shift -mxl-pattern-compare -mno-xl-soft-div -mcpu=v10.0 -mno-xl-soft-mul -mxl-multiply-high -mhard-float -mxl-float-convert -mxl-float-sqrt -Wl,--no-relax -ffunction-sections -fdata-sections -MMD -MP -MF"src/video_demo.d" -MT"src/video_demo.o" -o "src/video_demo.o" "../src/video_demo.c"
../src/video_demo.c: In function 'main':
../src/video_demo.c:99:3: error: too many arguments to function 'print'
   print("%d",12);
   ^~~~~
In file included from c:\xilinx_2017\sdk\2017.2\gnu\microblaze\nt\microblaze-xilinx-elf\include\ctype.h:4:0,
                 from ../../videodemo_bsp/microblaze_0/include/xil_printf.h:8,
                 from ../../videodemo_bsp/microblaze_0/include/xil_io.h:63,
                 from ../../videodemo_bsp/microblaze_0/include/xaxivdma_hw.h:82,
                 from ../../videodemo_bsp/microblaze_0/include/xaxivdma.h:309,
                 from ../src/video_capture/video_capture.h:75,
                 from ../src/video_demo.c:30:
c:\xilinx_2017\sdk\2017.2\gnu\microblaze\nt\microblaze-xilinx-elf\include\stdio.h:231:9: note: declared here
 void    _EXFUN(print, (const char* ));
         ^
../src/video_demo.c:92:26: warning: unused variable 'memptr' [-Wunused-variable]
  volatile unsigned int * memptr = (unsigned int*) 0X40020000;
                          ^~~~~~
make: *** [src/video_demo.o] ´íÎó 1
19:34:27 **** Auto Build of configuration Debug for project videodemo ****
make all 
'Building file: ../src/video_demo.c'
'Invoking: MicroBlaze gcc compiler'
mb-gcc -Wall -O0 -g3 -c -fmessage-length=0 -MT"src/video_demo.o" -I../../videodemo_bsp/microblaze_0/include -mlittle-endian -mxl-barrel-shift -mxl-pattern-compare -mno-xl-soft-div -mcpu=v10.0 -mno-xl-soft-mul -mxl-multiply-high -mhard-float -mxl-float-convert -mxl-float-sqrt -Wl,--no-relax -ffunction-sections -fdata-sections -MMD -MP -MF"src/video_demo.d" -MT"src/video_demo.o" -o "src/video_demo.o" "../src/video_demo.c"
../src/video_demo.c: In function 'main':
../src/video_demo.c:92:26: warning: unused variable 'memptr' [-Wunused-variable]
  volatile unsigned int * memptr = (unsigned int*) 0X40020000;
                          ^~~~~~
'Finished building: ../src/video_demo.c'
' '
'Building target: videodemo.elf'
'Invoking: MicroBlaze gcc linker'
mb-gcc -Wl,-T -Wl,../src/lscript.ld -L../../videodemo_bsp/microblaze_0/lib -mlittle-endian -mxl-barrel-shift -mxl-pattern-compare -mno-xl-soft-div -mcpu=v10.0 -mno-xl-soft-mul -mxl-multiply-high -mhard-float -mxl-float-convert -mxl-float-sqrt -Wl,--no-relax -Wl,--gc-sections -o "videodemo.elf"  ./src/video_capture/video_capture.o  ./src/timer_ps/timer_ps.o  ./src/intc/intc.o  ./src/dynclk/dynclk.o  ./src/display_ctrl/display_ctrl.o  ./src/video_demo.o   -Wl,--start-group,-lxil,-lgcc,-lc,--end-group
'Finished building target: videodemo.elf'
' '
'Invoking: MicroBlaze Print Size'
mb-size videodemo.elf  |tee "videodemo.elf.size"
   text	   data	    bss	    dec	    hex	filename
  65212	   1520	 131308	 198040	  30598	videodemo.elf
'Finished building: videodemo.elf.size'
' '
19:34:30 **** Incremental Build of configuration Debug for project videodemo ****
make all 
make: Nothing to be done for `all'.
19:34:38 **** Incremental Build of configuration Debug for project videodemo ****
make all 
make: Nothing to be done for `all'.
19:36:01 **** Auto Build of configuration Debug for project videodemo ****
make all 
'Building file: ../src/video_demo.c'
'Invoking: MicroBlaze gcc compiler'
mb-gcc -Wall -O0 -g3 -c -fmessage-length=0 -MT"src/video_demo.o" -I../../videodemo_bsp/microblaze_0/include -mlittle-endian -mxl-barrel-shift -mxl-pattern-compare -mno-xl-soft-div -mcpu=v10.0 -mno-xl-soft-mul -mxl-multiply-high -mhard-float -mxl-float-convert -mxl-float-sqrt -Wl,--no-relax -ffunction-sections -fdata-sections -MMD -MP -MF"src/video_demo.d" -MT"src/video_demo.o" -o "src/video_demo.o" "../src/video_demo.c"
../src/video_demo.c: In function 'main':
../src/video_demo.c:92:26: warning: unused variable 'memptr' [-Wunused-variable]
  volatile unsigned int * memptr = (unsigned int*) 0X40020000;
                          ^~~~~~
'Finished building: ../src/video_demo.c'
' '
'Building target: videodemo.elf'
'Invoking: MicroBlaze gcc linker'
mb-gcc -Wl,-T -Wl,../src/lscript.ld -L../../videodemo_bsp/microblaze_0/lib -mlittle-endian -mxl-barrel-shift -mxl-pattern-compare -mno-xl-soft-div -mcpu=v10.0 -mno-xl-soft-mul -mxl-multiply-high -mhard-float -mxl-float-convert -mxl-float-sqrt -Wl,--no-relax -Wl,--gc-sections -o "videodemo.elf"  ./src/video_capture/video_capture.o  ./src/timer_ps/timer_ps.o  ./src/intc/intc.o  ./src/dynclk/dynclk.o  ./src/display_ctrl/display_ctrl.o  ./src/video_demo.o   -Wl,--start-group,-lxil,-lgcc,-lc,--end-group
'Finished building target: videodemo.elf'
' '
'Invoking: MicroBlaze Print Size'
mb-size videodemo.elf  |tee "videodemo.elf.size"
   text	   data	    bss	    dec	    hex	filename
  13836	   1396	 131312	 146544	  23c70	videodemo.elf
'Finished building: videodemo.elf.size'
' '
19:36:03 **** Incremental Build of configuration Debug for project videodemo ****
make all 
make: Nothing to be done for `all'.
19:36:17 **** Auto Build of configuration Debug for project videodemo ****
make all 
'Building file: ../src/video_demo.c'
'Invoking: MicroBlaze gcc compiler'
mb-gcc -Wall -O0 -g3 -c -fmessage-length=0 -MT"src/video_demo.o" -I../../videodemo_bsp/microblaze_0/include -mlittle-endian -mxl-barrel-shift -mxl-pattern-compare -mno-xl-soft-div -mcpu=v10.0 -mno-xl-soft-mul -mxl-multiply-high -mhard-float -mxl-float-convert -mxl-float-sqrt -Wl,--no-relax -ffunction-sections -fdata-sections -MMD -MP -MF"src/video_demo.d" -MT"src/video_demo.o" -o "src/video_demo.o" "../src/video_demo.c"
../src/video_demo.c: In function 'main':
../src/video_demo.c:92:26: warning: unused variable 'memptr' [-Wunused-variable]
  volatile unsigned int * memptr = (unsigned int*) 0X40020000;
                          ^~~~~~
'Finished building: ../src/video_demo.c'
' '
'Building target: videodemo.elf'
'Invoking: MicroBlaze gcc linker'
mb-gcc -Wl,-T -Wl,../src/lscript.ld -L../../videodemo_bsp/microblaze_0/lib -mlittle-endian -mxl-barrel-shift -mxl-pattern-compare -mno-xl-soft-div -mcpu=v10.0 -mno-xl-soft-mul -mxl-multiply-high -mhard-float -mxl-float-convert -mxl-float-sqrt -Wl,--no-relax -Wl,--gc-sections -o "videodemo.elf"  ./src/video_capture/video_capture.o  ./src/timer_ps/timer_ps.o  ./src/intc/intc.o  ./src/dynclk/dynclk.o  ./src/display_ctrl/display_ctrl.o  ./src/video_demo.o   -Wl,--start-group,-lxil,-lgcc,-lc,--end-group
'Finished building target: videodemo.elf'
' '
'Invoking: MicroBlaze Print Size'
mb-size videodemo.elf  |tee "videodemo.elf.size"
   text	   data	    bss	    dec	    hex	filename
  13840	   1396	 131308	 146544	  23c70	videodemo.elf
'Finished building: videodemo.elf.size'
' '
19:36:20 **** Auto Build of configuration Debug for project videodemo ****
make all 
'Building file: ../src/video_demo.c'
'Invoking: MicroBlaze gcc compiler'
mb-gcc -Wall -O0 -g3 -c -fmessage-length=0 -MT"src/video_demo.o" -I../../videodemo_bsp/microblaze_0/include -mlittle-endian -mxl-barrel-shift -mxl-pattern-compare -mno-xl-soft-div -mcpu=v10.0 -mno-xl-soft-mul -mxl-multiply-high -mhard-float -mxl-float-convert -mxl-float-sqrt -Wl,--no-relax -ffunction-sections -fdata-sections -MMD -MP -MF"src/video_demo.d" -MT"src/video_demo.o" -o "src/video_demo.o" "../src/video_demo.c"
../src/video_demo.c: In function 'main':
../src/video_demo.c:92:26: warning: unused variable 'memptr' [-Wunused-variable]
  volatile unsigned int * memptr = (unsigned int*) 0X40020000;
                          ^~~~~~
'Finished building: ../src/video_demo.c'
' '
'Building target: videodemo.elf'
'Invoking: MicroBlaze gcc linker'
mb-gcc -Wl,-T -Wl,../src/lscript.ld -L../../videodemo_bsp/microblaze_0/lib -mlittle-endian -mxl-barrel-shift -mxl-pattern-compare -mno-xl-soft-div -mcpu=v10.0 -mno-xl-soft-mul -mxl-multiply-high -mhard-float -mxl-float-convert -mxl-float-sqrt -Wl,--no-relax -Wl,--gc-sections -o "videodemo.elf"  ./src/video_capture/video_capture.o  ./src/timer_ps/timer_ps.o  ./src/intc/intc.o  ./src/dynclk/dynclk.o  ./src/display_ctrl/display_ctrl.o  ./src/video_demo.o   -Wl,--start-group,-lxil,-lgcc,-lc,--end-group
'Finished building target: videodemo.elf'
' '
'Invoking: MicroBlaze Print Size'
mb-size videodemo.elf  |tee "videodemo.elf.size"
   text	   data	    bss	    dec	    hex	filename
  13848	   1396	 131308	 146552	  23c78	videodemo.elf
'Finished building: videodemo.elf.size'
' '
19:36:33 **** Auto Build of configuration Debug for project videodemo ****
make all 
'Building file: ../src/video_demo.c'
'Invoking: MicroBlaze gcc compiler'
mb-gcc -Wall -O0 -g3 -c -fmessage-length=0 -MT"src/video_demo.o" -I../../videodemo_bsp/microblaze_0/include -mlittle-endian -mxl-barrel-shift -mxl-pattern-compare -mno-xl-soft-div -mcpu=v10.0 -mno-xl-soft-mul -mxl-multiply-high -mhard-float -mxl-float-convert -mxl-float-sqrt -Wl,--no-relax -ffunction-sections -fdata-sections -MMD -MP -MF"src/video_demo.d" -MT"src/video_demo.o" -o "src/video_demo.o" "../src/video_demo.c"
../src/video_demo.c: In function 'main':
../src/video_demo.c:92:26: warning: unused variable 'memptr' [-Wunused-variable]
  volatile unsigned int * memptr = (unsigned int*) 0X40020000;
                          ^~~~~~
'Finished building: ../src/video_demo.c'
' '
'Building target: videodemo.elf'
'Invoking: MicroBlaze gcc linker'
mb-gcc -Wl,-T -Wl,../src/lscript.ld -L../../videodemo_bsp/microblaze_0/lib -mlittle-endian -mxl-barrel-shift -mxl-pattern-compare -mno-xl-soft-div -mcpu=v10.0 -mno-xl-soft-mul -mxl-multiply-high -mhard-float -mxl-float-convert -mxl-float-sqrt -Wl,--no-relax -Wl,--gc-sections -o "videodemo.elf"  ./src/video_capture/video_capture.o  ./src/timer_ps/timer_ps.o  ./src/intc/intc.o  ./src/dynclk/dynclk.o  ./src/display_ctrl/display_ctrl.o  ./src/video_demo.o   -Wl,--start-group,-lxil,-lgcc,-lc,--end-group
'Finished building target: videodemo.elf'
' '
'Invoking: MicroBlaze Print Size'
mb-size videodemo.elf  |tee "videodemo.elf.size"
   text	   data	    bss	    dec	    hex	filename
  13848	   1396	 131308	 146552	  23c78	videodemo.elf
'Finished building: videodemo.elf.size'
' '
19:36:48 **** Auto Build of configuration Debug for project videodemo ****
make all 
'Building file: ../src/video_demo.c'
'Invoking: MicroBlaze gcc compiler'
mb-gcc -Wall -O0 -g3 -c -fmessage-length=0 -MT"src/video_demo.o" -I../../videodemo_bsp/microblaze_0/include -mlittle-endian -mxl-barrel-shift -mxl-pattern-compare -mno-xl-soft-div -mcpu=v10.0 -mno-xl-soft-mul -mxl-multiply-high -mhard-float -mxl-float-convert -mxl-float-sqrt -Wl,--no-relax -ffunction-sections -fdata-sections -MMD -MP -MF"src/video_demo.d" -MT"src/video_demo.o" -o "src/video_demo.o" "../src/video_demo.c"
'Finished building: ../src/video_demo.c'
' '
'Building target: videodemo.elf'
'Invoking: MicroBlaze gcc linker'
mb-gcc -Wl,-T -Wl,../src/lscript.ld -L../../videodemo_bsp/microblaze_0/lib -mlittle-endian -mxl-barrel-shift -mxl-pattern-compare -mno-xl-soft-div -mcpu=v10.0 -mno-xl-soft-mul -mxl-multiply-high -mhard-float -mxl-float-convert -mxl-float-sqrt -Wl,--no-relax -Wl,--gc-sections -o "videodemo.elf"  ./src/video_capture/video_capture.o  ./src/timer_ps/timer_ps.o  ./src/intc/intc.o  ./src/dynclk/dynclk.o  ./src/display_ctrl/display_ctrl.o  ./src/video_demo.o   -Wl,--start-group,-lxil,-lgcc,-lc,--end-group
'Finished building target: videodemo.elf'
' '
'Invoking: MicroBlaze Print Size'
mb-size videodemo.elf  |tee "videodemo.elf.size"
   text	   data	    bss	    dec	    hex	filename
  13852	   1396	 131312	 146560	  23c80	videodemo.elf
'Finished building: videodemo.elf.size'
' '
19:36:52 **** Incremental Build of configuration Debug for project videodemo ****
make all 
make: Nothing to be done for `all'.
19:37:01 **** Auto Build of configuration Debug for project videodemo ****
make all 
'Building file: ../src/video_demo.c'
'Invoking: MicroBlaze gcc compiler'
mb-gcc -Wall -O0 -g3 -c -fmessage-length=0 -MT"src/video_demo.o" -I../../videodemo_bsp/microblaze_0/include -mlittle-endian -mxl-barrel-shift -mxl-pattern-compare -mno-xl-soft-div -mcpu=v10.0 -mno-xl-soft-mul -mxl-multiply-high -mhard-float -mxl-float-convert -mxl-float-sqrt -Wl,--no-relax -ffunction-sections -fdata-sections -MMD -MP -MF"src/video_demo.d" -MT"src/video_demo.o" -o "src/video_demo.o" "../src/video_demo.c"
'Finished building: ../src/video_demo.c'
' '
'Building target: videodemo.elf'
'Invoking: MicroBlaze gcc linker'
mb-gcc -Wl,-T -Wl,../src/lscript.ld -L../../videodemo_bsp/microblaze_0/lib -mlittle-endian -mxl-barrel-shift -mxl-pattern-compare -mno-xl-soft-div -mcpu=v10.0 -mno-xl-soft-mul -mxl-multiply-high -mhard-float -mxl-float-convert -mxl-float-sqrt -Wl,--no-relax -Wl,--gc-sections -o "videodemo.elf"  ./src/video_capture/video_capture.o  ./src/timer_ps/timer_ps.o  ./src/intc/intc.o  ./src/dynclk/dynclk.o  ./src/display_ctrl/display_ctrl.o  ./src/video_demo.o   -Wl,--start-group,-lxil,-lgcc,-lc,--end-group
'Finished building target: videodemo.elf'
' '
'Invoking: MicroBlaze Print Size'
mb-size videodemo.elf  |tee "videodemo.elf.size"
   text	   data	    bss	    dec	    hex	filename
  13828	   1396	 131312	 146536	  23c68	videodemo.elf
'Finished building: videodemo.elf.size'
' '
19:37:04 **** Incremental Build of configuration Debug for project videodemo ****
make all 
make: Nothing to be done for `all'.
21:09:56 **** Auto Build of configuration Debug for project videodemo ****
make all 
'Building file: ../src/video_demo.c'
'Invoking: MicroBlaze gcc compiler'
mb-gcc -Wall -O0 -g3 -c -fmessage-length=0 -MT"src/video_demo.o" -I../../videodemo_bsp/microblaze_0/include -mlittle-endian -mxl-barrel-shift -mxl-pattern-compare -mno-xl-soft-div -mcpu=v10.0 -mno-xl-soft-mul -mxl-multiply-high -mhard-float -mxl-float-convert -mxl-float-sqrt -Wl,--no-relax -ffunction-sections -fdata-sections -MMD -MP -MF"src/video_demo.d" -MT"src/video_demo.o" -o "src/video_demo.o" "../src/video_demo.c"
../src/video_demo.c: In function 'main':
../src/video_demo.c:92:26: warning: unused variable 'memptr' [-Wunused-variable]
  volatile unsigned int * memptr = (unsigned int*) 0X40020000;
                          ^~~~~~
'Finished building: ../src/video_demo.c'
' '
'Building target: videodemo.elf'
'Invoking: MicroBlaze gcc linker'
mb-gcc -Wl,-T -Wl,../src/lscript.ld -L../../videodemo_bsp/microblaze_0/lib -mlittle-endian -mxl-barrel-shift -mxl-pattern-compare -mno-xl-soft-div -mcpu=v10.0 -mno-xl-soft-mul -mxl-multiply-high -mhard-float -mxl-float-convert -mxl-float-sqrt -Wl,--no-relax -Wl,--gc-sections -o "videodemo.elf"  ./src/video_capture/video_capture.o  ./src/timer_ps/timer_ps.o  ./src/intc/intc.o  ./src/dynclk/dynclk.o  ./src/display_ctrl/display_ctrl.o  ./src/video_demo.o   -Wl,--start-group,-lxil,-lgcc,-lc,--end-group
'Finished building target: videodemo.elf'
' '
'Invoking: MicroBlaze Print Size'
mb-size videodemo.elf  |tee "videodemo.elf.size"
   text	   data	    bss	    dec	    hex	filename
 105196	   1524	18796880	18903600	1207230	videodemo.elf
'Finished building: videodemo.elf.size'
' '
21:11:04 **** Auto Build of configuration Debug for project videodemo ****
make all 
'Building file: ../src/video_demo.c'
'Invoking: MicroBlaze gcc compiler'
mb-gcc -Wall -O0 -g3 -c -fmessage-length=0 -MT"src/video_demo.o" -I../../videodemo_bsp/microblaze_0/include -mlittle-endian -mxl-barrel-shift -mxl-pattern-compare -mno-xl-soft-div -mcpu=v10.0 -mno-xl-soft-mul -mxl-multiply-high -mhard-float -mxl-float-convert -mxl-float-sqrt -Wl,--no-relax -ffunction-sections -fdata-sections -MMD -MP -MF"src/video_demo.d" -MT"src/video_demo.o" -o "src/video_demo.o" "../src/video_demo.c"
../src/video_demo.c: In function 'main':
../src/video_demo.c:92:26: warning: unused variable 'switchesPtr' [-Wunused-variable]
  volatile unsigned int * switchesPtr = (unsigned int*) 0X40020000;
                          ^~~~~~~~~~~
'Finished building: ../src/video_demo.c'
' '
'Building target: videodemo.elf'
'Invoking: MicroBlaze gcc linker'
mb-gcc -Wl,-T -Wl,../src/lscript.ld -L../../videodemo_bsp/microblaze_0/lib -mlittle-endian -mxl-barrel-shift -mxl-pattern-compare -mno-xl-soft-div -mcpu=v10.0 -mno-xl-soft-mul -mxl-multiply-high -mhard-float -mxl-float-convert -mxl-float-sqrt -Wl,--no-relax -Wl,--gc-sections -o "videodemo.elf"  ./src/video_capture/video_capture.o  ./src/timer_ps/timer_ps.o  ./src/intc/intc.o  ./src/dynclk/dynclk.o  ./src/display_ctrl/display_ctrl.o  ./src/video_demo.o   -Wl,--start-group,-lxil,-lgcc,-lc,--end-group
'Finished building target: videodemo.elf'
' '
'Invoking: MicroBlaze Print Size'
mb-size videodemo.elf  |tee "videodemo.elf.size"
   text	   data	    bss	    dec	    hex	filename
 105196	   1524	18796880	18903600	1207230	videodemo.elf
'Finished building: videodemo.elf.size'
' '
21:11:16 **** Auto Build of configuration Debug for project videodemo ****
make all 
'Building file: ../src/video_demo.c'
'Invoking: MicroBlaze gcc compiler'
mb-gcc -Wall -O0 -g3 -c -fmessage-length=0 -MT"src/video_demo.o" -I../../videodemo_bsp/microblaze_0/include -mlittle-endian -mxl-barrel-shift -mxl-pattern-compare -mno-xl-soft-div -mcpu=v10.0 -mno-xl-soft-mul -mxl-multiply-high -mhard-float -mxl-float-convert -mxl-float-sqrt -Wl,--no-relax -ffunction-sections -fdata-sections -MMD -MP -MF"src/video_demo.d" -MT"src/video_demo.o" -o "src/video_demo.o" "../src/video_demo.c"
../src/video_demo.c: In function 'main':
../src/video_demo.c:93:26: warning: unused variable 'ledPtr' [-Wunused-variable]
  volatile unsigned int * ledPtr = (unsigned int*) 0X40020000;
                          ^~~~~~
../src/video_demo.c:92:26: warning: unused variable 'switchesPtr' [-Wunused-variable]
  volatile unsigned int * switchesPtr = (unsigned int*) 0X40020000;
                          ^~~~~~~~~~~
'Finished building: ../src/video_demo.c'
' '
'Building target: videodemo.elf'
'Invoking: MicroBlaze gcc linker'
mb-gcc -Wl,-T -Wl,../src/lscript.ld -L../../videodemo_bsp/microblaze_0/lib -mlittle-endian -mxl-barrel-shift -mxl-pattern-compare -mno-xl-soft-div -mcpu=v10.0 -mno-xl-soft-mul -mxl-multiply-high -mhard-float -mxl-float-convert -mxl-float-sqrt -Wl,--no-relax -Wl,--gc-sections -o "videodemo.elf"  ./src/video_capture/video_capture.o  ./src/timer_ps/timer_ps.o  ./src/intc/intc.o  ./src/dynclk/dynclk.o  ./src/display_ctrl/display_ctrl.o  ./src/video_demo.o   -Wl,--start-group,-lxil,-lgcc,-lc,--end-group
'Finished building target: videodemo.elf'
' '
'Invoking: MicroBlaze Print Size'
mb-size videodemo.elf  |tee "videodemo.elf.size"
   text	   data	    bss	    dec	    hex	filename
 105208	   1524	18796876	18903608	1207238	videodemo.elf
'Finished building: videodemo.elf.size'
' '
21:11:21 **** Auto Build of configuration Debug for project videodemo ****
make all 
'Building file: ../src/video_demo.c'
'Invoking: MicroBlaze gcc compiler'
mb-gcc -Wall -O0 -g3 -c -fmessage-length=0 -MT"src/video_demo.o" -I../../videodemo_bsp/microblaze_0/include -mlittle-endian -mxl-barrel-shift -mxl-pattern-compare -mno-xl-soft-div -mcpu=v10.0 -mno-xl-soft-mul -mxl-multiply-high -mhard-float -mxl-float-convert -mxl-float-sqrt -Wl,--no-relax -ffunction-sections -fdata-sections -MMD -MP -MF"src/video_demo.d" -MT"src/video_demo.o" -o "src/video_demo.o" "../src/video_demo.c"
../src/video_demo.c: In function 'main':
../src/video_demo.c:93:26: warning: unused variable 'ledPtr' [-Wunused-variable]
  volatile unsigned int * ledPtr = (unsigned int*) 0X40010000;
                          ^~~~~~
../src/video_demo.c:92:26: warning: unused variable 'switchesPtr' [-Wunused-variable]
  volatile unsigned int * switchesPtr = (unsigned int*) 0X40020000;
                          ^~~~~~~~~~~
'Finished building: ../src/video_demo.c'
' '
'Building target: videodemo.elf'
'Invoking: MicroBlaze gcc linker'
mb-gcc -Wl,-T -Wl,../src/lscript.ld -L../../videodemo_bsp/microblaze_0/lib -mlittle-endian -mxl-barrel-shift -mxl-pattern-compare -mno-xl-soft-div -mcpu=v10.0 -mno-xl-soft-mul -mxl-multiply-high -mhard-float -mxl-float-convert -mxl-float-sqrt -Wl,--no-relax -Wl,--gc-sections -o "videodemo.elf"  ./src/video_capture/video_capture.o  ./src/timer_ps/timer_ps.o  ./src/intc/intc.o  ./src/dynclk/dynclk.o  ./src/display_ctrl/display_ctrl.o  ./src/video_demo.o   -Wl,--start-group,-lxil,-lgcc,-lc,--end-group
'Finished building target: videodemo.elf'
' '
'Invoking: MicroBlaze Print Size'
mb-size videodemo.elf  |tee "videodemo.elf.size"
   text	   data	    bss	    dec	    hex	filename
 105208	   1524	18796876	18903608	1207238	videodemo.elf
'Finished building: videodemo.elf.size'
' '
11:33:11 **** Incremental Build of configuration Debug for project videodemo ****
make all 
make: Nothing to be done for `all'.
11:33:43 **** Auto Build of configuration Debug for project videodemo ****
make all 
'Building file: ../src/video_demo.c'
'Invoking: MicroBlaze gcc compiler'
mb-gcc -Wall -O0 -g3 -c -fmessage-length=0 -MT"src/video_demo.o" -I../../videodemo_bsp/microblaze_0/include -mlittle-endian -mxl-barrel-shift -mxl-pattern-compare -mno-xl-soft-div -mcpu=v10.0 -mno-xl-soft-mul -mxl-multiply-high -mhard-float -mxl-float-convert -mxl-float-sqrt -Wl,--no-relax -ffunction-sections -fdata-sections -MMD -MP -MF"src/video_demo.d" -MT"src/video_demo.o" -o "src/video_demo.o" "../src/video_demo.c"
'Finished building: ../src/video_demo.c'
' '
'Building target: videodemo.elf'
'Invoking: MicroBlaze gcc linker'
mb-gcc -Wl,-T -Wl,../src/lscript.ld -L../../videodemo_bsp/microblaze_0/lib -mlittle-endian -mxl-barrel-shift -mxl-pattern-compare -mno-xl-soft-div -mcpu=v10.0 -mno-xl-soft-mul -mxl-multiply-high -mhard-float -mxl-float-convert -mxl-float-sqrt -Wl,--no-relax -Wl,--gc-sections -o "videodemo.elf"  ./src/video_capture/video_capture.o  ./src/timer_ps/timer_ps.o  ./src/intc/intc.o  ./src/dynclk/dynclk.o  ./src/display_ctrl/display_ctrl.o  ./src/video_demo.o   -Wl,--start-group,-lxil,-lgcc,-lc,--end-group
'Finished building target: videodemo.elf'
' '
'Invoking: MicroBlaze Print Size'
mb-size videodemo.elf  |tee "videodemo.elf.size"
   text	   data	    bss	    dec	    hex	filename
 105224	   1524	18796876	18903624	1207248	videodemo.elf
'Finished building: videodemo.elf.size'
' '
11:33:45 **** Incremental Build of configuration Debug for project videodemo ****
make all 
make: Nothing to be done for `all'.
11:34:21 **** Auto Build of configuration Debug for project videodemo ****
make all 
'Building file: ../src/video_demo.c'
'Invoking: MicroBlaze gcc compiler'
mb-gcc -Wall -O0 -g3 -c -fmessage-length=0 -MT"src/video_demo.o" -I../../videodemo_bsp/microblaze_0/include -mlittle-endian -mxl-barrel-shift -mxl-pattern-compare -mno-xl-soft-div -mcpu=v10.0 -mno-xl-soft-mul -mxl-multiply-high -mhard-float -mxl-float-convert -mxl-float-sqrt -Wl,--no-relax -ffunction-sections -fdata-sections -MMD -MP -MF"src/video_demo.d" -MT"src/video_demo.o" -o "src/video_demo.o" "../src/video_demo.c"
'Finished building: ../src/video_demo.c'
' '
'Building target: videodemo.elf'
'Invoking: MicroBlaze gcc linker'
mb-gcc -Wl,-T -Wl,../src/lscript.ld -L../../videodemo_bsp/microblaze_0/lib -mlittle-endian -mxl-barrel-shift -mxl-pattern-compare -mno-xl-soft-div -mcpu=v10.0 -mno-xl-soft-mul -mxl-multiply-high -mhard-float -mxl-float-convert -mxl-float-sqrt -Wl,--no-relax -Wl,--gc-sections -o "videodemo.elf"  ./src/video_capture/video_capture.o  ./src/timer_ps/timer_ps.o  ./src/intc/intc.o  ./src/dynclk/dynclk.o  ./src/display_ctrl/display_ctrl.o  ./src/video_demo.o   -Wl,--start-group,-lxil,-lgcc,-lc,--end-group
'Finished building target: videodemo.elf'
' '
'Invoking: MicroBlaze Print Size'
mb-size videodemo.elf  |tee "videodemo.elf.size"
   text	   data	    bss	    dec	    hex	filename
   9712	   1392	 131304	 142408	  22c48	videodemo.elf
'Finished building: videodemo.elf.size'
' '
11:34:26 **** Auto Build of configuration Debug for project videodemo ****
make all 
'Building file: ../src/video_demo.c'
'Invoking: MicroBlaze gcc compiler'
mb-gcc -Wall -O0 -g3 -c -fmessage-length=0 -MT"src/video_demo.o" -I../../videodemo_bsp/microblaze_0/include -mlittle-endian -mxl-barrel-shift -mxl-pattern-compare -mno-xl-soft-div -mcpu=v10.0 -mno-xl-soft-mul -mxl-multiply-high -mhard-float -mxl-float-convert -mxl-float-sqrt -Wl,--no-relax -ffunction-sections -fdata-sections -MMD -MP -MF"src/video_demo.d" -MT"src/video_demo.o" -o "src/video_demo.o" "../src/video_demo.c"
'Finished building: ../src/video_demo.c'
' '
'Building target: videodemo.elf'
'Invoking: MicroBlaze gcc linker'
mb-gcc -Wl,-T -Wl,../src/lscript.ld -L../../videodemo_bsp/microblaze_0/lib -mlittle-endian -mxl-barrel-shift -mxl-pattern-compare -mno-xl-soft-div -mcpu=v10.0 -mno-xl-soft-mul -mxl-multiply-high -mhard-float -mxl-float-convert -mxl-float-sqrt -Wl,--no-relax -Wl,--gc-sections -o "videodemo.elf"  ./src/video_capture/video_capture.o  ./src/timer_ps/timer_ps.o  ./src/intc/intc.o  ./src/dynclk/dynclk.o  ./src/display_ctrl/display_ctrl.o  ./src/video_demo.o   -Wl,--start-group,-lxil,-lgcc,-lc,--end-group
'Finished building target: videodemo.elf'
' '
'Invoking: MicroBlaze Print Size'
mb-size videodemo.elf  |tee "videodemo.elf.size"
   text	   data	    bss	    dec	    hex	filename
   9728	   1392	 131304	 142424	  22c58	videodemo.elf
'Finished building: videodemo.elf.size'
' '
11:34:27 **** Incremental Build of configuration Debug for project videodemo ****
make all 
make: Nothing to be done for `all'.
11:34:36 **** Incremental Build of configuration Debug for project videodemo ****
make all 
make: Nothing to be done for `all'.
11:35:09 **** Auto Build of configuration Debug for project videodemo ****
make all 
'Building file: ../src/video_demo.c'
'Invoking: MicroBlaze gcc compiler'
mb-gcc -Wall -O0 -g3 -c -fmessage-length=0 -MT"src/video_demo.o" -I../../videodemo_bsp/microblaze_0/include -mlittle-endian -mxl-barrel-shift -mxl-pattern-compare -mno-xl-soft-div -mcpu=v10.0 -mno-xl-soft-mul -mxl-multiply-high -mhard-float -mxl-float-convert -mxl-float-sqrt -Wl,--no-relax -ffunction-sections -fdata-sections -MMD -MP -MF"src/video_demo.d" -MT"src/video_demo.o" -o "src/video_demo.o" "../src/video_demo.c"
'Finished building: ../src/video_demo.c'
' '
'Building target: videodemo.elf'
'Invoking: MicroBlaze gcc linker'
mb-gcc -Wl,-T -Wl,../src/lscript.ld -L../../videodemo_bsp/microblaze_0/lib -mlittle-endian -mxl-barrel-shift -mxl-pattern-compare -mno-xl-soft-div -mcpu=v10.0 -mno-xl-soft-mul -mxl-multiply-high -mhard-float -mxl-float-convert -mxl-float-sqrt -Wl,--no-relax -Wl,--gc-sections -o "videodemo.elf"  ./src/video_capture/video_capture.o  ./src/timer_ps/timer_ps.o  ./src/intc/intc.o  ./src/dynclk/dynclk.o  ./src/display_ctrl/display_ctrl.o  ./src/video_demo.o   -Wl,--start-group,-lxil,-lgcc,-lc,--end-group
'Finished building target: videodemo.elf'
' '
'Invoking: MicroBlaze Print Size'
mb-size videodemo.elf  |tee "videodemo.elf.size"
   text	   data	    bss	    dec	    hex	filename
   9728	   1392	 131304	 142424	  22c58	videodemo.elf
'Finished building: videodemo.elf.size'
' '
11:35:34 **** Auto Build of configuration Debug for project videodemo ****
make all 
'Building file: ../src/video_demo.c'
'Invoking: MicroBlaze gcc compiler'
mb-gcc -Wall -O0 -g3 -c -fmessage-length=0 -MT"src/video_demo.o" -I../../videodemo_bsp/microblaze_0/include -mlittle-endian -mxl-barrel-shift -mxl-pattern-compare -mno-xl-soft-div -mcpu=v10.0 -mno-xl-soft-mul -mxl-multiply-high -mhard-float -mxl-float-convert -mxl-float-sqrt -Wl,--no-relax -ffunction-sections -fdata-sections -MMD -MP -MF"src/video_demo.d" -MT"src/video_demo.o" -o "src/video_demo.o" "../src/video_demo.c"
'Finished building: ../src/video_demo.c'
' '
'Building target: videodemo.elf'
'Invoking: MicroBlaze gcc linker'
mb-gcc -Wl,-T -Wl,../src/lscript.ld -L../../videodemo_bsp/microblaze_0/lib -mlittle-endian -mxl-barrel-shift -mxl-pattern-compare -mno-xl-soft-div -mcpu=v10.0 -mno-xl-soft-mul -mxl-multiply-high -mhard-float -mxl-float-convert -mxl-float-sqrt -Wl,--no-relax -Wl,--gc-sections -o "videodemo.elf"  ./src/video_capture/video_capture.o  ./src/timer_ps/timer_ps.o  ./src/intc/intc.o  ./src/dynclk/dynclk.o  ./src/display_ctrl/display_ctrl.o  ./src/video_demo.o   -Wl,--start-group,-lxil,-lgcc,-lc,--end-group
'Finished building target: videodemo.elf'
' '
'Invoking: MicroBlaze Print Size'
mb-size videodemo.elf  |tee "videodemo.elf.size"
   text	   data	    bss	    dec	    hex	filename
   9728	   1392	 131304	 142424	  22c58	videodemo.elf
'Finished building: videodemo.elf.size'
' '
11:35:36 **** Auto Build of configuration Debug for project videodemo ****
make all 
'Building file: ../src/video_demo.c'
'Invoking: MicroBlaze gcc compiler'
mb-gcc -Wall -O0 -g3 -c -fmessage-length=0 -MT"src/video_demo.o" -I../../videodemo_bsp/microblaze_0/include -mlittle-endian -mxl-barrel-shift -mxl-pattern-compare -mno-xl-soft-div -mcpu=v10.0 -mno-xl-soft-mul -mxl-multiply-high -mhard-float -mxl-float-convert -mxl-float-sqrt -Wl,--no-relax -ffunction-sections -fdata-sections -MMD -MP -MF"src/video_demo.d" -MT"src/video_demo.o" -o "src/video_demo.o" "../src/video_demo.c"
'Finished building: ../src/video_demo.c'
' '
'Building target: videodemo.elf'
'Invoking: MicroBlaze gcc linker'
mb-gcc -Wl,-T -Wl,../src/lscript.ld -L../../videodemo_bsp/microblaze_0/lib -mlittle-endian -mxl-barrel-shift -mxl-pattern-compare -mno-xl-soft-div -mcpu=v10.0 -mno-xl-soft-mul -mxl-multiply-high -mhard-float -mxl-float-convert -mxl-float-sqrt -Wl,--no-relax -Wl,--gc-sections -o "videodemo.elf"  ./src/video_capture/video_capture.o  ./src/timer_ps/timer_ps.o  ./src/intc/intc.o  ./src/dynclk/dynclk.o  ./src/display_ctrl/display_ctrl.o  ./src/video_demo.o   -Wl,--start-group,-lxil,-lgcc,-lc,--end-group
'Finished building target: videodemo.elf'
' '
'Invoking: MicroBlaze Print Size'
mb-size videodemo.elf  |tee "videodemo.elf.size"
   text	   data	    bss	    dec	    hex	filename
   9728	   1392	 131304	 142424	  22c58	videodemo.elf
'Finished building: videodemo.elf.size'
' '
11:35:39 **** Auto Build of configuration Debug for project videodemo ****
make all 
'Building file: ../src/video_demo.c'
'Invoking: MicroBlaze gcc compiler'
mb-gcc -Wall -O0 -g3 -c -fmessage-length=0 -MT"src/video_demo.o" -I../../videodemo_bsp/microblaze_0/include -mlittle-endian -mxl-barrel-shift -mxl-pattern-compare -mno-xl-soft-div -mcpu=v10.0 -mno-xl-soft-mul -mxl-multiply-high -mhard-float -mxl-float-convert -mxl-float-sqrt -Wl,--no-relax -ffunction-sections -fdata-sections -MMD -MP -MF"src/video_demo.d" -MT"src/video_demo.o" -o "src/video_demo.o" "../src/video_demo.c"
'Finished building: ../src/video_demo.c'
' '
'Building target: videodemo.elf'
'Invoking: MicroBlaze gcc linker'
mb-gcc -Wl,-T -Wl,../src/lscript.ld -L../../videodemo_bsp/microblaze_0/lib -mlittle-endian -mxl-barrel-shift -mxl-pattern-compare -mno-xl-soft-div -mcpu=v10.0 -mno-xl-soft-mul -mxl-multiply-high -mhard-float -mxl-float-convert -mxl-float-sqrt -Wl,--no-relax -Wl,--gc-sections -o "videodemo.elf"  ./src/video_capture/video_capture.o  ./src/timer_ps/timer_ps.o  ./src/intc/intc.o  ./src/dynclk/dynclk.o  ./src/display_ctrl/display_ctrl.o  ./src/video_demo.o   -Wl,--start-group,-lxil,-lgcc,-lc,--end-group
'Finished building target: videodemo.elf'
' '
'Invoking: MicroBlaze Print Size'
mb-size videodemo.elf  |tee "videodemo.elf.size"
   text	   data	    bss	    dec	    hex	filename
   9728	   1392	 131304	 142424	  22c58	videodemo.elf
'Finished building: videodemo.elf.size'
' '
11:44:38 **** Auto Build of configuration Debug for project videodemo ****
make all 
'Building file: ../src/video_demo.c'
'Invoking: MicroBlaze gcc compiler'
mb-gcc -Wall -O0 -g3 -c -fmessage-length=0 -MT"src/video_demo.o" -I../../videodemo_bsp/microblaze_0/include -mlittle-endian -mxl-barrel-shift -mxl-pattern-compare -mno-xl-soft-div -mcpu=v10.0 -mno-xl-soft-mul -mxl-multiply-high -mhard-float -mxl-float-convert -mxl-float-sqrt -Wl,--no-relax -ffunction-sections -fdata-sections -MMD -MP -MF"src/video_demo.d" -MT"src/video_demo.o" -o "src/video_demo.o" "../src/video_demo.c"
../src/video_demo.c: In function 'main':
../src/video_demo.c:103:2: error: expected expression before '}' token
  }
  ^
make: *** [src/video_demo.o] ´íÎó 1
11:45:56 **** Auto Build of configuration Debug for project videodemo ****
make all 
'Building file: ../src/video_demo.c'
'Invoking: MicroBlaze gcc compiler'
mb-gcc -Wall -O0 -g3 -c -fmessage-length=0 -MT"src/video_demo.o" -I../../videodemo_bsp/microblaze_0/include -mlittle-endian -mxl-barrel-shift -mxl-pattern-compare -mno-xl-soft-div -mcpu=v10.0 -mno-xl-soft-mul -mxl-multiply-high -mhard-float -mxl-float-convert -mxl-float-sqrt -Wl,--no-relax -ffunction-sections -fdata-sections -MMD -MP -MF"src/video_demo.d" -MT"src/video_demo.o" -o "src/video_demo.o" "../src/video_demo.c"
'Finished building: ../src/video_demo.c'
' '
'Building target: videodemo.elf'
'Invoking: MicroBlaze gcc linker'
mb-gcc -Wl,-T -Wl,../src/lscript.ld -L../../videodemo_bsp/microblaze_0/lib -mlittle-endian -mxl-barrel-shift -mxl-pattern-compare -mno-xl-soft-div -mcpu=v10.0 -mno-xl-soft-mul -mxl-multiply-high -mhard-float -mxl-float-convert -mxl-float-sqrt -Wl,--no-relax -Wl,--gc-sections -o "videodemo.elf"  ./src/video_capture/video_capture.o  ./src/timer_ps/timer_ps.o  ./src/intc/intc.o  ./src/dynclk/dynclk.o  ./src/display_ctrl/display_ctrl.o  ./src/video_demo.o   -Wl,--start-group,-lxil,-lgcc,-lc,--end-group
'Finished building target: videodemo.elf'
' '
'Invoking: MicroBlaze Print Size'
mb-size videodemo.elf  |tee "videodemo.elf.size"
   text	   data	    bss	    dec	    hex	filename
   9728	   1392	 131304	 142424	  22c58	videodemo.elf
'Finished building: videodemo.elf.size'
' '
11:49:07 **** Auto Build of configuration Debug for project videodemo ****
make all 
'Building file: ../src/video_demo.c'
'Invoking: MicroBlaze gcc compiler'
mb-gcc -Wall -O0 -g3 -c -fmessage-length=0 -MT"src/video_demo.o" -I../../videodemo_bsp/microblaze_0/include -mlittle-endian -mxl-barrel-shift -mxl-pattern-compare -mno-xl-soft-div -mcpu=v10.0 -mno-xl-soft-mul -mxl-multiply-high -mhard-float -mxl-float-convert -mxl-float-sqrt -Wl,--no-relax -ffunction-sections -fdata-sections -MMD -MP -MF"src/video_demo.d" -MT"src/video_demo.o" -o "src/video_demo.o" "../src/video_demo.c"
'Finished building: ../src/video_demo.c'
' '
'Building target: videodemo.elf'
'Invoking: MicroBlaze gcc linker'
mb-gcc -Wl,-T -Wl,../src/lscript.ld -L../../videodemo_bsp/microblaze_0/lib -mlittle-endian -mxl-barrel-shift -mxl-pattern-compare -mno-xl-soft-div -mcpu=v10.0 -mno-xl-soft-mul -mxl-multiply-high -mhard-float -mxl-float-convert -mxl-float-sqrt -Wl,--no-relax -Wl,--gc-sections -o "videodemo.elf"  ./src/video_capture/video_capture.o  ./src/timer_ps/timer_ps.o  ./src/intc/intc.o  ./src/dynclk/dynclk.o  ./src/display_ctrl/display_ctrl.o  ./src/video_demo.o   -Wl,--start-group,-lxil,-lgcc,-lc,--end-group
'Finished building target: videodemo.elf'
' '
'Invoking: MicroBlaze Print Size'
mb-size videodemo.elf  |tee "videodemo.elf.size"
   text	   data	    bss	    dec	    hex	filename
   9728	   1392	 131304	 142424	  22c58	videodemo.elf
'Finished building: videodemo.elf.size'
' '
11:49:12 **** Auto Build of configuration Debug for project videodemo ****
make all 
'Building file: ../src/video_demo.c'
'Invoking: MicroBlaze gcc compiler'
mb-gcc -Wall -O0 -g3 -c -fmessage-length=0 -MT"src/video_demo.o" -I../../videodemo_bsp/microblaze_0/include -mlittle-endian -mxl-barrel-shift -mxl-pattern-compare -mno-xl-soft-div -mcpu=v10.0 -mno-xl-soft-mul -mxl-multiply-high -mhard-float -mxl-float-convert -mxl-float-sqrt -Wl,--no-relax -ffunction-sections -fdata-sections -MMD -MP -MF"src/video_demo.d" -MT"src/video_demo.o" -o "src/video_demo.o" "../src/video_demo.c"
'Finished building: ../src/video_demo.c'
' '
'Building target: videodemo.elf'
'Invoking: MicroBlaze gcc linker'
mb-gcc -Wl,-T -Wl,../src/lscript.ld -L../../videodemo_bsp/microblaze_0/lib -mlittle-endian -mxl-barrel-shift -mxl-pattern-compare -mno-xl-soft-div -mcpu=v10.0 -mno-xl-soft-mul -mxl-multiply-high -mhard-float -mxl-float-convert -mxl-float-sqrt -Wl,--no-relax -Wl,--gc-sections -o "videodemo.elf"  ./src/video_capture/video_capture.o  ./src/timer_ps/timer_ps.o  ./src/intc/intc.o  ./src/dynclk/dynclk.o  ./src/display_ctrl/display_ctrl.o  ./src/video_demo.o   -Wl,--start-group,-lxil,-lgcc,-lc,--end-group
'Finished building target: videodemo.elf'
' '
'Invoking: MicroBlaze Print Size'
mb-size videodemo.elf  |tee "videodemo.elf.size"
   text	   data	    bss	    dec	    hex	filename
   9728	   1392	 131304	 142424	  22c58	videodemo.elf
'Finished building: videodemo.elf.size'
' '
12:04:05 **** Auto Build of configuration Debug for project videodemo ****
make all 
'Building file: ../src/video_demo.c'
'Invoking: MicroBlaze gcc compiler'
mb-gcc -Wall -O0 -g3 -c -fmessage-length=0 -MT"src/video_demo.o" -I../../videodemo_bsp/microblaze_0/include -mlittle-endian -mxl-barrel-shift -mxl-pattern-compare -mno-xl-soft-div -mcpu=v10.0 -mno-xl-soft-mul -mxl-multiply-high -mhard-float -mxl-float-convert -mxl-float-sqrt -Wl,--no-relax -ffunction-sections -fdata-sections -MMD -MP -MF"src/video_demo.d" -MT"src/video_demo.o" -o "src/video_demo.o" "../src/video_demo.c"
'Finished building: ../src/video_demo.c'
' '
'Building target: videodemo.elf'
'Invoking: MicroBlaze gcc linker'
mb-gcc -Wl,-T -Wl,../src/lscript.ld -L../../videodemo_bsp/microblaze_0/lib -mlittle-endian -mxl-barrel-shift -mxl-pattern-compare -mno-xl-soft-div -mcpu=v10.0 -mno-xl-soft-mul -mxl-multiply-high -mhard-float -mxl-float-convert -mxl-float-sqrt -Wl,--no-relax -Wl,--gc-sections -o "videodemo.elf"  ./src/video_capture/video_capture.o  ./src/timer_ps/timer_ps.o  ./src/intc/intc.o  ./src/dynclk/dynclk.o  ./src/display_ctrl/display_ctrl.o  ./src/video_demo.o   -Wl,--start-group,-lxil,-lgcc,-lc,--end-group
'Finished building target: videodemo.elf'
' '
'Invoking: MicroBlaze Print Size'
mb-size videodemo.elf  |tee "videodemo.elf.size"
   text	   data	    bss	    dec	    hex	filename
   9728	   1392	 131304	 142424	  22c58	videodemo.elf
'Finished building: videodemo.elf.size'
' '
12:04:11 **** Auto Build of configuration Debug for project videodemo ****
make all 
'Building file: ../src/video_demo.c'
'Invoking: MicroBlaze gcc compiler'
mb-gcc -Wall -O0 -g3 -c -fmessage-length=0 -MT"src/video_demo.o" -I../../videodemo_bsp/microblaze_0/include -mlittle-endian -mxl-barrel-shift -mxl-pattern-compare -mno-xl-soft-div -mcpu=v10.0 -mno-xl-soft-mul -mxl-multiply-high -mhard-float -mxl-float-convert -mxl-float-sqrt -Wl,--no-relax -ffunction-sections -fdata-sections -MMD -MP -MF"src/video_demo.d" -MT"src/video_demo.o" -o "src/video_demo.o" "../src/video_demo.c"
'Finished building: ../src/video_demo.c'
' '
'Building target: videodemo.elf'
'Invoking: MicroBlaze gcc linker'
mb-gcc -Wl,-T -Wl,../src/lscript.ld -L../../videodemo_bsp/microblaze_0/lib -mlittle-endian -mxl-barrel-shift -mxl-pattern-compare -mno-xl-soft-div -mcpu=v10.0 -mno-xl-soft-mul -mxl-multiply-high -mhard-float -mxl-float-convert -mxl-float-sqrt -Wl,--no-relax -Wl,--gc-sections -o "videodemo.elf"  ./src/video_capture/video_capture.o  ./src/timer_ps/timer_ps.o  ./src/intc/intc.o  ./src/dynclk/dynclk.o  ./src/display_ctrl/display_ctrl.o  ./src/video_demo.o   -Wl,--start-group,-lxil,-lgcc,-lc,--end-group
'Finished building target: videodemo.elf'
' '
'Invoking: MicroBlaze Print Size'
mb-size videodemo.elf  |tee "videodemo.elf.size"
   text	   data	    bss	    dec	    hex	filename
   9728	   1392	 131304	 142424	  22c58	videodemo.elf
'Finished building: videodemo.elf.size'
' '
12:04:19 **** Auto Build of configuration Debug for project videodemo ****
make all 
'Building file: ../src/video_demo.c'
'Invoking: MicroBlaze gcc compiler'
mb-gcc -Wall -O0 -g3 -c -fmessage-length=0 -MT"src/video_demo.o" -I../../videodemo_bsp/microblaze_0/include -mlittle-endian -mxl-barrel-shift -mxl-pattern-compare -mno-xl-soft-div -mcpu=v10.0 -mno-xl-soft-mul -mxl-multiply-high -mhard-float -mxl-float-convert -mxl-float-sqrt -Wl,--no-relax -ffunction-sections -fdata-sections -MMD -MP -MF"src/video_demo.d" -MT"src/video_demo.o" -o "src/video_demo.o" "../src/video_demo.c"
'Finished building: ../src/video_demo.c'
' '
'Building target: videodemo.elf'
'Invoking: MicroBlaze gcc linker'
mb-gcc -Wl,-T -Wl,../src/lscript.ld -L../../videodemo_bsp/microblaze_0/lib -mlittle-endian -mxl-barrel-shift -mxl-pattern-compare -mno-xl-soft-div -mcpu=v10.0 -mno-xl-soft-mul -mxl-multiply-high -mhard-float -mxl-float-convert -mxl-float-sqrt -Wl,--no-relax -Wl,--gc-sections -o "videodemo.elf"  ./src/video_capture/video_capture.o  ./src/timer_ps/timer_ps.o  ./src/intc/intc.o  ./src/dynclk/dynclk.o  ./src/display_ctrl/display_ctrl.o  ./src/video_demo.o   -Wl,--start-group,-lxil,-lgcc,-lc,--end-group
'Finished building target: videodemo.elf'
' '
'Invoking: MicroBlaze Print Size'
mb-size videodemo.elf  |tee "videodemo.elf.size"
   text	   data	    bss	    dec	    hex	filename
   9728	   1392	 131304	 142424	  22c58	videodemo.elf
'Finished building: videodemo.elf.size'
' '
12:07:47 **** Auto Build of configuration Debug for project videodemo ****
make all 
'Building file: ../src/video_demo.c'
'Invoking: MicroBlaze gcc compiler'
mb-gcc -Wall -O0 -g3 -c -fmessage-length=0 -MT"src/video_demo.o" -I../../videodemo_bsp/microblaze_0/include -mlittle-endian -mxl-barrel-shift -mxl-pattern-compare -mno-xl-soft-div -mcpu=v10.0 -mno-xl-soft-mul -mxl-multiply-high -mhard-float -mxl-float-convert -mxl-float-sqrt -Wl,--no-relax -ffunction-sections -fdata-sections -MMD -MP -MF"src/video_demo.d" -MT"src/video_demo.o" -o "src/video_demo.o" "../src/video_demo.c"
'Finished building: ../src/video_demo.c'
' '
'Building target: videodemo.elf'
'Invoking: MicroBlaze gcc linker'
mb-gcc -Wl,-T -Wl,../src/lscript.ld -L../../videodemo_bsp/microblaze_0/lib -mlittle-endian -mxl-barrel-shift -mxl-pattern-compare -mno-xl-soft-div -mcpu=v10.0 -mno-xl-soft-mul -mxl-multiply-high -mhard-float -mxl-float-convert -mxl-float-sqrt -Wl,--no-relax -Wl,--gc-sections -o "videodemo.elf"  ./src/video_capture/video_capture.o  ./src/timer_ps/timer_ps.o  ./src/intc/intc.o  ./src/dynclk/dynclk.o  ./src/display_ctrl/display_ctrl.o  ./src/video_demo.o   -Wl,--start-group,-lxil,-lgcc,-lc,--end-group
'Finished building target: videodemo.elf'
' '
'Invoking: MicroBlaze Print Size'
mb-size videodemo.elf  |tee "videodemo.elf.size"
   text	   data	    bss	    dec	    hex	filename
   9728	   1392	 131304	 142424	  22c58	videodemo.elf
'Finished building: videodemo.elf.size'
' '
12:07:54 **** Auto Build of configuration Debug for project videodemo ****
make all 
'Building file: ../src/video_demo.c'
'Invoking: MicroBlaze gcc compiler'
mb-gcc -Wall -O0 -g3 -c -fmessage-length=0 -MT"src/video_demo.o" -I../../videodemo_bsp/microblaze_0/include -mlittle-endian -mxl-barrel-shift -mxl-pattern-compare -mno-xl-soft-div -mcpu=v10.0 -mno-xl-soft-mul -mxl-multiply-high -mhard-float -mxl-float-convert -mxl-float-sqrt -Wl,--no-relax -ffunction-sections -fdata-sections -MMD -MP -MF"src/video_demo.d" -MT"src/video_demo.o" -o "src/video_demo.o" "../src/video_demo.c"
'Finished building: ../src/video_demo.c'
' '
'Building target: videodemo.elf'
'Invoking: MicroBlaze gcc linker'
[...]
'Finished building target: videodemo.elf'
' '
'Invoking: MicroBlaze Print Size'
mb-size videodemo.elf  |tee "videodemo.elf.size"
   text	   data	    bss	    dec	    hex	filename
 116200	   1884	18796908	18914992	1209eb0	videodemo.elf
'Finished building: videodemo.elf.size'
' '
16:57:39 **** Incremental Build of configuration Debug for project videodemo ****
make all 
make: Nothing to be done for `all'.
16:58:52 **** Auto Build of configuration Debug for project videodemo ****
make all 
'Building file: ../src/video_demo.c'
'Invoking: MicroBlaze gcc compiler'
mb-gcc -Wall -O0 -g3 -c -fmessage-length=0 -MT"src/video_demo.o" -I../../videodemo_bsp/microblaze_0/include -mlittle-endian -mxl-barrel-shift -mxl-pattern-compare -mno-xl-soft-div -mcpu=v10.0 -mno-xl-soft-mul -mxl-multiply-high -mhard-float -mxl-float-convert -mxl-float-sqrt -Wl,--no-relax -MMD -MP -MF"src/video_demo.d" -MT"src/video_demo.o" -o "src/video_demo.o" "../src/video_demo.c"
'Finished building: ../src/video_demo.c'
' '
'Building target: videodemo.elf'
'Invoking: MicroBlaze gcc linker'
mb-gcc -Wl,-T -Wl,../src/lscript.ld -L../../videodemo_bsp/microblaze_0/lib -mlittle-endian -mxl-barrel-shift -mxl-pattern-compare -mno-xl-soft-div -mcpu=v10.0 -mno-xl-soft-mul -mxl-multiply-high -mhard-float -mxl-float-convert -mxl-float-sqrt -Wl,--no-relax -o "videodemo.elf"  ./src/video_capture/video_capture.o  ./src/timer_ps/timer_ps.o  ./src/intc/intc.o  ./src/hls_core/hw_hls_core.o  ./src/dynclk/dynclk.o  ./src/display_ctrl/display_ctrl.o  ./src/video_demo.o   -Wl,--start-group,-lxil,-lgcc,-lc,--end-group
'Finished building target: videodemo.elf'
' '
'Invoking: MicroBlaze Print Size'
mb-size videodemo.elf  |tee "videodemo.elf.size"
   text	   data	    bss	    dec	    hex	filename
 116200	   1884	18796908	18914992	1209eb0	videodemo.elf
'Finished building: videodemo.elf.size'
' '
16:58:56 **** Incremental Build of configuration Debug for project videodemo ****
make all 
make: Nothing to be done for `all'.
17:08:31 **** Auto Build of configuration Debug for project videodemo ****
make all 
'Building file: ../src/hls_core/hw_hls_core.c'
'Invoking: MicroBlaze gcc compiler'
mb-gcc -Wall -O0 -g3 -c -fmessage-length=0 -MT"src/hls_core/hw_hls_core.o" -I../../videodemo_bsp/microblaze_0/include -mlittle-endian -mxl-barrel-shift -mxl-pattern-compare -mno-xl-soft-div -mcpu=v10.0 -mno-xl-soft-mul -mxl-multiply-high -mhard-float -mxl-float-convert -mxl-float-sqrt -Wl,--no-relax -MMD -MP -MF"src/hls_core/hw_hls_core.d" -MT"src/hls_core/hw_hls_core.o" -o "src/hls_core/hw_hls_core.o" "../src/hls_core/hw_hls_core.c"
'Finished building: ../src/hls_core/hw_hls_core.c'
' '
'Building target: videodemo.elf'
'Invoking: MicroBlaze gcc linker'
mb-gcc -Wl,-T -Wl,../src/lscript.ld -L../../videodemo_bsp/microblaze_0/lib -mlittle-endian -mxl-barrel-shift -mxl-pattern-compare -mno-xl-soft-div -mcpu=v10.0 -mno-xl-soft-mul -mxl-multiply-high -mhard-float -mxl-float-convert -mxl-float-sqrt -Wl,--no-relax -o "videodemo.elf"  ./src/video_capture/video_capture.o  ./src/timer_ps/timer_ps.o  ./src/intc/intc.o  ./src/hls_core/hw_hls_core.o  ./src/dynclk/dynclk.o  ./src/display_ctrl/display_ctrl.o  ./src/video_demo.o   -Wl,--start-group,-lxil,-lgcc,-lc,--end-group
'Finished building target: videodemo.elf'
' '
'Invoking: MicroBlaze Print Size'
mb-size videodemo.elf  |tee "videodemo.elf.size"
   text	   data	    bss	    dec	    hex	filename
 116200	   1884	18796908	18914992	1209eb0	videodemo.elf
'Finished building: videodemo.elf.size'
' '
17:22:28 **** Auto Build of configuration Debug for project videodemo ****
make all 
'Building file: ../src/hls_core/hw_hls_core.c'
'Invoking: MicroBlaze gcc compiler'
mb-gcc -Wall -O0 -g3 -c -fmessage-length=0 -MT"src/hls_core/hw_hls_core.o" -I../../videodemo_bsp/microblaze_0/include -mlittle-endian -mxl-barrel-shift -mxl-pattern-compare -mno-xl-soft-div -mcpu=v10.0 -mno-xl-soft-mul -mxl-multiply-high -mhard-float -mxl-float-convert -mxl-float-sqrt -Wl,--no-relax -MMD -MP -MF"src/hls_core/hw_hls_core.d" -MT"src/hls_core/hw_hls_core.o" -o "src/hls_core/hw_hls_core.o" "../src/hls_core/hw_hls_core.c"
../src/hls_core/hw_hls_core.c:70:6: error: redefinition of 'setup_fc_layer'
 void setup_fc_layer( volatile void* map_base, int target, int input_offset, int output_offset, int num_inputs, int num_outputs, int enable_relu )
      ^~~~~~~~~~~~~~
../src/hls_core/hw_hls_core.c:45:6: note: previous definition of 'setup_fc_layer' was here
 void setup_fc_layer( volatile void* map_base, int target, int input_offset, int output_offset, int num_inputs, int num_outputs, int enable_relu )
      ^~~~~~~~~~~~~~
make: *** [src/hls_core/hw_hls_core.o] Error 1
17:22:58 **** Auto Build of configuration Debug for project videodemo ****
make all 
'Building file: ../src/hls_core/hw_hls_core.c'
'Invoking: MicroBlaze gcc compiler'
mb-gcc -Wall -O0 -g3 -c -fmessage-length=0 -MT"src/hls_core/hw_hls_core.o" -I../../videodemo_bsp/microblaze_0/include -mlittle-endian -mxl-barrel-shift -mxl-pattern-compare -mno-xl-soft-div -mcpu=v10.0 -mno-xl-soft-mul -mxl-multiply-high -mhard-float -mxl-float-convert -mxl-float-sqrt -Wl,--no-relax -MMD -MP -MF"src/hls_core/hw_hls_core.d" -MT"src/hls_core/hw_hls_core.o" -o "src/hls_core/hw_hls_core.o" "../src/hls_core/hw_hls_core.c"
'Finished building: ../src/hls_core/hw_hls_core.c'
' '
'Building file: ../src/video_demo.c'
'Invoking: MicroBlaze gcc compiler'
mb-gcc -Wall -O0 -g3 -c -fmessage-length=0 -MT"src/video_demo.o" -I../../videodemo_bsp/microblaze_0/include -mlittle-endian -mxl-barrel-shift -mxl-pattern-compare -mno-xl-soft-div -mcpu=v10.0 -mno-xl-soft-mul -mxl-multiply-high -mhard-float -mxl-float-convert -mxl-float-sqrt -Wl,--no-relax -MMD -MP -MF"src/video_demo.d" -MT"src/video_demo.o" -o "src/video_demo.o" "../src/video_demo.c"
'Finished building: ../src/video_demo.c'
' '
'Building target: videodemo.elf'
'Invoking: MicroBlaze gcc linker'
mb-gcc -Wl,-T -Wl,../src/lscript.ld -L../../videodemo_bsp/microblaze_0/lib -mlittle-endian -mxl-barrel-shift -mxl-pattern-compare -mno-xl-soft-div -mcpu=v10.0 -mno-xl-soft-mul -mxl-multiply-high -mhard-float -mxl-float-convert -mxl-float-sqrt -Wl,--no-relax -o "videodemo.elf"  ./src/video_capture/video_capture.o  ./src/timer_ps/timer_ps.o  ./src/intc/intc.o  ./src/hls_core/hw_hls_core.o  ./src/dynclk/dynclk.o  ./src/display_ctrl/display_ctrl.o  ./src/video_demo.o   -Wl,--start-group,-lxil,-lgcc,-lc,--end-group
'Finished building target: videodemo.elf'
' '
'Invoking: MicroBlaze Print Size'
mb-size videodemo.elf  |tee "videodemo.elf.size"
   text	   data	    bss	    dec	    hex	filename
 116812	   1884	18796912	18915608	120a118	videodemo.elf
'Finished building: videodemo.elf.size'
' '
17:25:09 **** Auto Build of configuration Debug for project videodemo ****
make all 
'Building file: ../src/hls_core/hw_hls_core.c'
'Invoking: MicroBlaze gcc compiler'
mb-gcc -Wall -O0 -g3 -c -fmessage-length=0 -MT"src/hls_core/hw_hls_core.o" -I../../videodemo_bsp/microblaze_0/include -mlittle-endian -mxl-barrel-shift -mxl-pattern-compare -mno-xl-soft-div -mcpu=v10.0 -mno-xl-soft-mul -mxl-multiply-high -mhard-float -mxl-float-convert -mxl-float-sqrt -Wl,--no-relax -MMD -MP -MF"src/hls_core/hw_hls_core.d" -MT"src/hls_core/hw_hls_core.o" -o "src/hls_core/hw_hls_core.o" "../src/hls_core/hw_hls_core.c"
../src/hls_core/hw_hls_core.c: In function 'setup_maxpool_layer':
../src/hls_core/hw_hls_core.c:75:67: error: 'num_inputs' undeclared (first use in this function)
    write_int(map_base, target + FC_CTRL_BUS_ADDR_NUM_INPUTS_DATA, num_inputs);
                                                                   ^~~~~~~~~~
../src/hls_core/hw_hls_core.c:75:67: note: each undeclared identifier is reported only once for each function it appears in
../src/hls_core/hw_hls_core.c:76:68: error: 'num_outputs' undeclared (first use in this function)
    write_int(map_base, target + FC_CTRL_BUS_ADDR_NUM_OUTPUTS_DATA, num_outputs);
                                                                    ^~~~~~~~~~~
../src/hls_core/hw_hls_core.c:77:68: error: 'enable_relu' undeclared (first use in this function)
    write_int(map_base, target + FC_CTRL_BUS_ADDR_ENABLE_RELU_DATA, enable_relu);
                                                                    ^~~~~~~~~~~
make: *** [src/hls_core/hw_hls_core.o] Error 1
17:26:42 **** Auto Build of configuration Debug for project videodemo ****
make all 
'Building file: ../src/hls_core/hw_hls_core.c'
'Invoking: MicroBlaze gcc compiler'
mb-gcc -Wall -O0 -g3 -c -fmessage-length=0 -MT"src/hls_core/hw_hls_core.o" -I../../videodemo_bsp/microblaze_0/include -mlittle-endian -mxl-barrel-shift -mxl-pattern-compare -mno-xl-soft-div -mcpu=v10.0 -mno-xl-soft-mul -mxl-multiply-high -mhard-float -mxl-float-convert -mxl-float-sqrt -Wl,--no-relax -MMD -MP -MF"src/hls_core/hw_hls_core.d" -MT"src/hls_core/hw_hls_core.o" -o "src/hls_core/hw_hls_core.o" "../src/hls_core/hw_hls_core.c"
../src/hls_core/hw_hls_core.c: In function 'setup_maxpool_layer':
../src/hls_core/hw_hls_core.c:81:33: error: 'MAXPOOL_LAYER_CTRL_BUS_ADDR_S_DATA' undeclared (first use in this function)
    write_int(map_base, target + MAXPOOL_LAYER_CTRL_BUS_ADDR_S_DATA, s);
                                 ^~~~~~~~~~~~~~~~~~~~~~~~~~~~~~~~~~
../src/hls_core/hw_hls_core.c:81:33: note: each undeclared identifier is reported only once for each function it appears in
../src/hls_core/hw_hls_core.c:82:33: error: 'MAXPOOL_LAYER_CTRL_BUS_ADDR_K_DATA' undeclared (first use in this function)
    write_int(map_base, target + MAXPOOL_LAYER_CTRL_BUS_ADDR_K_DATA, k);
                                 ^~~~~~~~~~~~~~~~~~~~~~~~~~~~~~~~~~
make: *** [src/hls_core/hw_hls_core.o] Error 1
17:27:20 **** Auto Build of configuration Debug for project videodemo ****
make all 
'Building file: ../src/hls_core/hw_hls_core.c'
'Invoking: MicroBlaze gcc compiler'
mb-gcc -Wall -O0 -g3 -c -fmessage-length=0 -MT"src/hls_core/hw_hls_core.o" -I../../videodemo_bsp/microblaze_0/include -mlittle-endian -mxl-barrel-shift -mxl-pattern-compare -mno-xl-soft-div -mcpu=v10.0 -mno-xl-soft-mul -mxl-multiply-high -mhard-float -mxl-float-convert -mxl-float-sqrt -Wl,--no-relax -MMD -MP -MF"src/hls_core/hw_hls_core.d" -MT"src/hls_core/hw_hls_core.o" -o "src/hls_core/hw_hls_core.o" "../src/hls_core/hw_hls_core.c"
../src/hls_core/hw_hls_core.c: In function 'setup_maxpool_layer':
../src/hls_core/hw_hls_core.c:81:33: error: 'MAXPOOL_LAYER_CTRL_BUS_ADDR_S_DATA' undeclared (first use in this function)
    write_int(map_base, target + MAXPOOL_LAYER_CTRL_BUS_ADDR_S_DATA, s);
                                 ^~~~~~~~~~~~~~~~~~~~~~~~~~~~~~~~~~
../src/hls_core/hw_hls_core.c:81:33: note: each undeclared identifier is reported only once for each function it appears in
../src/hls_core/hw_hls_core.c:82:33: error: 'MAXPOOL_LAYER_CTRL_BUS_ADDR_K_DATA' undeclared (first use in this function)
    write_int(map_base, target + MAXPOOL_LAYER_CTRL_BUS_ADDR_K_DATA, k);
                                 ^~~~~~~~~~~~~~~~~~~~~~~~~~~~~~~~~~
make: *** [src/hls_core/hw_hls_core.o] Error 1
17:27:47 **** Auto Build of configuration Debug for project videodemo ****
make all 
'Building file: ../src/hls_core/hw_hls_core.c'
'Invoking: MicroBlaze gcc compiler'
mb-gcc -Wall -O0 -g3 -c -fmessage-length=0 -MT"src/hls_core/hw_hls_core.o" -I../../videodemo_bsp/microblaze_0/include -mlittle-endian -mxl-barrel-shift -mxl-pattern-compare -mno-xl-soft-div -mcpu=v10.0 -mno-xl-soft-mul -mxl-multiply-high -mhard-float -mxl-float-convert -mxl-float-sqrt -Wl,--no-relax -MMD -MP -MF"src/hls_core/hw_hls_core.d" -MT"src/hls_core/hw_hls_core.o" -o "src/hls_core/hw_hls_core.o" "../src/hls_core/hw_hls_core.c"
'Finished building: ../src/hls_core/hw_hls_core.c'
' '
'Building file: ../src/video_demo.c'
'Invoking: MicroBlaze gcc compiler'
mb-gcc -Wall -O0 -g3 -c -fmessage-length=0 -MT"src/video_demo.o" -I../../videodemo_bsp/microblaze_0/include -mlittle-endian -mxl-barrel-shift -mxl-pattern-compare -mno-xl-soft-div -mcpu=v10.0 -mno-xl-soft-mul -mxl-multiply-high -mhard-float -mxl-float-convert -mxl-float-sqrt -Wl,--no-relax -MMD -MP -MF"src/video_demo.d" -MT"src/video_demo.o" -o "src/video_demo.o" "../src/video_demo.c"
'Finished building: ../src/video_demo.c'
' '
'Building target: videodemo.elf'
'Invoking: MicroBlaze gcc linker'
mb-gcc -Wl,-T -Wl,../src/lscript.ld -L../../videodemo_bsp/microblaze_0/lib -mlittle-endian -mxl-barrel-shift -mxl-pattern-compare -mno-xl-soft-div -mcpu=v10.0 -mno-xl-soft-mul -mxl-multiply-high -mhard-float -mxl-float-convert -mxl-float-sqrt -Wl,--no-relax -o "videodemo.elf"  ./src/video_capture/video_capture.o  ./src/timer_ps/timer_ps.o  ./src/intc/intc.o  ./src/hls_core/hw_hls_core.o  ./src/dynclk/dynclk.o  ./src/display_ctrl/display_ctrl.o  ./src/video_demo.o   -Wl,--start-group,-lxil,-lgcc,-lc,--end-group
'Finished building target: videodemo.elf'
' '
'Invoking: MicroBlaze Print Size'
mb-size videodemo.elf  |tee "videodemo.elf.size"
   text	   data	    bss	    dec	    hex	filename
 116952	   1884	18796908	18915744	120a1a0	videodemo.elf
'Finished building: videodemo.elf.size'
' '
17:28:20 **** Auto Build of configuration Debug for project videodemo ****
make all 
'Building file: ../src/hls_core/hw_hls_core.c'
'Invoking: MicroBlaze gcc compiler'
mb-gcc -Wall -O0 -g3 -c -fmessage-length=0 -MT"src/hls_core/hw_hls_core.o" -I../../videodemo_bsp/microblaze_0/include -mlittle-endian -mxl-barrel-shift -mxl-pattern-compare -mno-xl-soft-div -mcpu=v10.0 -mno-xl-soft-mul -mxl-multiply-high -mhard-float -mxl-float-convert -mxl-float-sqrt -Wl,--no-relax -MMD -MP -MF"src/hls_core/hw_hls_core.d" -MT"src/hls_core/hw_hls_core.o" -o "src/hls_core/hw_hls_core.o" "../src/hls_core/hw_hls_core.c"
'Finished building: ../src/hls_core/hw_hls_core.c'
' '
'Building file: ../src/video_demo.c'
'Invoking: MicroBlaze gcc compiler'
mb-gcc -Wall -O0 -g3 -c -fmessage-length=0 -MT"src/video_demo.o" -I../../videodemo_bsp/microblaze_0/include -mlittle-endian -mxl-barrel-shift -mxl-pattern-compare -mno-xl-soft-div -mcpu=v10.0 -mno-xl-soft-mul -mxl-multiply-high -mhard-float -mxl-float-convert -mxl-float-sqrt -Wl,--no-relax -MMD -MP -MF"src/video_demo.d" -MT"src/video_demo.o" -o "src/video_demo.o" "../src/video_demo.c"
'Finished building: ../src/video_demo.c'
' '
'Building target: videodemo.elf'
'Invoking: MicroBlaze gcc linker'
mb-gcc -Wl,-T -Wl,../src/lscript.ld -L../../videodemo_bsp/microblaze_0/lib -mlittle-endian -mxl-barrel-shift -mxl-pattern-compare -mno-xl-soft-div -mcpu=v10.0 -mno-xl-soft-mul -mxl-multiply-high -mhard-float -mxl-float-convert -mxl-float-sqrt -Wl,--no-relax -o "videodemo.elf"  ./src/video_capture/video_capture.o  ./src/timer_ps/timer_ps.o  ./src/intc/intc.o  ./src/hls_core/hw_hls_core.o  ./src/dynclk/dynclk.o  ./src/display_ctrl/display_ctrl.o  ./src/video_demo.o   -Wl,--start-group,-lxil,-lgcc,-lc,--end-group
'Finished building target: videodemo.elf'
' '
'Invoking: MicroBlaze Print Size'
mb-size videodemo.elf  |tee "videodemo.elf.size"
   text	   data	    bss	    dec	    hex	filename
 116952	   1884	18796908	18915744	120a1a0	videodemo.elf
'Finished building: videodemo.elf.size'
' '
17:28:59 **** Auto Build of configuration Debug for project videodemo ****
make all 
'Building file: ../src/hls_core/hw_hls_core.c'
'Invoking: MicroBlaze gcc compiler'
mb-gcc -Wall -O0 -g3 -c -fmessage-length=0 -MT"src/hls_core/hw_hls_core.o" -I../../videodemo_bsp/microblaze_0/include -mlittle-endian -mxl-barrel-shift -mxl-pattern-compare -mno-xl-soft-div -mcpu=v10.0 -mno-xl-soft-mul -mxl-multiply-high -mhard-float -mxl-float-convert -mxl-float-sqrt -Wl,--no-relax -MMD -MP -MF"src/hls_core/hw_hls_core.d" -MT"src/hls_core/hw_hls_core.o" -o "src/hls_core/hw_hls_core.o" "../src/hls_core/hw_hls_core.c"
'Finished building: ../src/hls_core/hw_hls_core.c'
' '
'Building target: videodemo.elf'
'Invoking: MicroBlaze gcc linker'
mb-gcc -Wl,-T -Wl,../src/lscript.ld -L../../videodemo_bsp/microblaze_0/lib -mlittle-endian -mxl-barrel-shift -mxl-pattern-compare -mno-xl-soft-div -mcpu=v10.0 -mno-xl-soft-mul -mxl-multiply-high -mhard-float -mxl-float-convert -mxl-float-sqrt -Wl,--no-relax -o "videodemo.elf"  ./src/video_capture/video_capture.o  ./src/timer_ps/timer_ps.o  ./src/intc/intc.o  ./src/hls_core/hw_hls_core.o  ./src/dynclk/dynclk.o  ./src/display_ctrl/display_ctrl.o  ./src/video_demo.o   -Wl,--start-group,-lxil,-lgcc,-lc,--end-group
'Finished building target: videodemo.elf'
' '
'Invoking: MicroBlaze Print Size'
mb-size videodemo.elf  |tee "videodemo.elf.size"
   text	   data	    bss	    dec	    hex	filename
 116952	   1884	18796908	18915744	120a1a0	videodemo.elf
'Finished building: videodemo.elf.size'
' '
17:34:15 **** Auto Build of configuration Debug for project videodemo ****
make all 
'Building file: ../src/hls_core/hw_hls_core.c'
'Invoking: MicroBlaze gcc compiler'
mb-gcc -Wall -O0 -g3 -c -fmessage-length=0 -MT"src/hls_core/hw_hls_core.o" -I../../videodemo_bsp/microblaze_0/include -mlittle-endian -mxl-barrel-shift -mxl-pattern-compare -mno-xl-soft-div -mcpu=v10.0 -mno-xl-soft-mul -mxl-multiply-high -mhard-float -mxl-float-convert -mxl-float-sqrt -Wl,--no-relax -MMD -MP -MF"src/hls_core/hw_hls_core.d" -MT"src/hls_core/hw_hls_core.o" -o "src/hls_core/hw_hls_core.o" "../src/hls_core/hw_hls_core.c"
'Finished building: ../src/hls_core/hw_hls_core.c'
' '
'Building target: videodemo.elf'
'Invoking: MicroBlaze gcc linker'
mb-gcc -Wl,-T -Wl,../src/lscript.ld -L../../videodemo_bsp/microblaze_0/lib -mlittle-endian -mxl-barrel-shift -mxl-pattern-compare -mno-xl-soft-div -mcpu=v10.0 -mno-xl-soft-mul -mxl-multiply-high -mhard-float -mxl-float-convert -mxl-float-sqrt -Wl,--no-relax -o "videodemo.elf"  ./src/video_capture/video_capture.o  ./src/timer_ps/timer_ps.o  ./src/intc/intc.o  ./src/hls_core/hw_hls_core.o  ./src/dynclk/dynclk.o  ./src/display_ctrl/display_ctrl.o  ./src/video_demo.o   -Wl,--start-group,-lxil,-lgcc,-lc,--end-group
'Finished building target: videodemo.elf'
' '
'Invoking: MicroBlaze Print Size'
mb-size videodemo.elf  |tee "videodemo.elf.size"
   text	   data	    bss	    dec	    hex	filename
 116892	   1884	18796912	18915688	120a168	videodemo.elf
'Finished building: videodemo.elf.size'
' '
17:34:37 **** Auto Build of configuration Debug for project videodemo ****
make all 
'Building file: ../src/video_demo.c'
'Invoking: MicroBlaze gcc compiler'
mb-gcc -Wall -O0 -g3 -c -fmessage-length=0 -MT"src/video_demo.o" -I../../videodemo_bsp/microblaze_0/include -mlittle-endian -mxl-barrel-shift -mxl-pattern-compare -mno-xl-soft-div -mcpu=v10.0 -mno-xl-soft-mul -mxl-multiply-high -mhard-float -mxl-float-convert -mxl-float-sqrt -Wl,--no-relax -MMD -MP -MF"src/video_demo.d" -MT"src/video_demo.o" -o "src/video_demo.o" "../src/video_demo.c"
'Finished building: ../src/video_demo.c'
' '
'Building target: videodemo.elf'
'Invoking: MicroBlaze gcc linker'
mb-gcc -Wl,-T -Wl,../src/lscript.ld -L../../videodemo_bsp/microblaze_0/lib -mlittle-endian -mxl-barrel-shift -mxl-pattern-compare -mno-xl-soft-div -mcpu=v10.0 -mno-xl-soft-mul -mxl-multiply-high -mhard-float -mxl-float-convert -mxl-float-sqrt -Wl,--no-relax -o "videodemo.elf"  ./src/video_capture/video_capture.o  ./src/timer_ps/timer_ps.o  ./src/intc/intc.o  ./src/hls_core/hw_hls_core.o  ./src/dynclk/dynclk.o  ./src/display_ctrl/display_ctrl.o  ./src/video_demo.o   -Wl,--start-group,-lxil,-lgcc,-lc,--end-group
'Finished building target: videodemo.elf'
' '
'Invoking: MicroBlaze Print Size'
mb-size videodemo.elf  |tee "videodemo.elf.size"
   text	   data	    bss	    dec	    hex	filename
 116820	   1884	18796912	18915616	120a120	videodemo.elf
'Finished building: videodemo.elf.size'
' '
