17:34:37 **** Auto Build of configuration Debug for project videodemo ****
make all 
'Building file: ../src/video_demo.c'
'Invoking: MicroBlaze gcc compiler'
mb-gcc -Wall -O0 -g3 -c -fmessage-length=0 -MT"src/video_demo.o" -I../../videodemo_bsp/microblaze_0/include -mlittle-endian -mxl-barrel-shift -mxl-pattern-compare -mno-xl-soft-div -mcpu=v10.0 -mno-xl-soft-mul -mxl-multiply-high -mhard-float -mxl-float-convert -mxl-float-sqrt -Wl,--no-relax -MMD -MP -MF"src/video_demo.d" -MT"src/video_demo.o" -o "src/video_demo.o" "../src/video_demo.c"
'Finished building: ../src/video_demo.c'
' '
'Building target: videodemo.elf'
'Invoking: MicroBlaze gcc linker'
mb-gcc -Wl,-T -Wl,../src/lscript.ld -L../../videodemo_bsp/microblaze_0/lib -mlittle-endian -mxl-barrel-shift -mxl-pattern-compare -mno-xl-soft-div -mcpu=v10.0 -mno-xl-soft-mul -mxl-multiply-high -mhard-float -mxl-float-convert -mxl-float-sqrt -Wl,--no-relax -o "videodemo.elf"  ./src/video_capture/video_capture.o  ./src/timer_ps/timer_ps.o  ./src/intc/intc.o  ./src/hls_core/hw_hls_core.o  ./src/dynclk/dynclk.o  ./src/display_ctrl/display_ctrl.o  ./src/video_demo.o   -Wl,--start-group,-lxil,-lgcc,-lc,--end-group
'Finished building target: videodemo.elf'
' '
'Invoking: MicroBlaze Print Size'
mb-size videodemo.elf  |tee "videodemo.elf.size"
   text	   data	    bss	    dec	    hex	filename
 116820	   1884	18796912	18915616	120a120	videodemo.elf
'Finished building: videodemo.elf.size'
' '

17:34:40 Build Finished (took 2s.687ms)

